Microchip MPLAB XC8 Compiler V2.10 ()

Linker command line:

-W-3 --edf=C:\Program Files (x86)\Microchip\xc8\v2.10\pic\dat\en_msgs.txt \
  -cs -h+dist/default/production\Project_Protoype.X.production.sym \
  --cmf=dist/default/production\Project_Protoype.X.production.cmf -z \
  -Q18F43K22 -oC:\Users\JASSKH~1\AppData\Local\Temp\st4.2 \
  --defsym=__MPLAB_BUILD=1 \
  -Mdist/default/production/Project_Protoype.X.production.map -E1 -ver=XC8 \
  --acfsm=1493 -ASTACK=060h-01FFh -pstack=STACK -ACODE=00h-01FFFh \
  -ACONST=00h-01FFFh -ASMALLCONST=0200h-02FFhx30 -AMEDIUMCONST=0200h-01FFFh \
  -ACOMRAM=01h-05Fh -AABS1=00h-01FFh -ABIGRAM=01h-01FFh \
  -ARAM=060h-0FFh,0100h-01FFh -ABANK0=060h-0FFh -ABANK1=0100h-01FFh \
  -ASFR=0F38h-0F5Fh,0F60h-0FFFh \
  -preset_vec=00h,intcode,intcodelo,powerup,init -pramtop=0200h \
  -psmallconst=SMALLCONST -pmediumconst=MEDIUMCONST -pconst=CONST \
  -AFARRAM=00h-00h -ACONFIG=0300000h-030000Dh -pconfig=CONFIG \
  -AIDLOC=0200000h-0200007h -pidloc=IDLOC -AEEDATA=0F00000h-0F000FFh \
  -peeprom_data=EEDATA \
  -prdata=COMRAM,nvrram=COMRAM,nvbit=COMRAM,rbss=COMRAM,rbit=COMRAM \
  -pfarbss=FARRAM,fardata=FARRAM,nvFARRAM=FARRAM \
  -pintsave_regs=BIGRAM,bigbss=BIGRAM,bigdata=BIGRAM -pbss=RAM \
  -pidata=CODE,irdata=CODE,ibigdata=CODE,ifardata=CODE -prparam=COMRAM \
  C:\Users\JASSKH~1\AppData\Local\Temp\st4.o \
  dist/default/production\Project_Protoype.X.production.o 

Object code version is 3.11

Machine type is 18F43K22

Call graph: (short form)




                Name                               Link     Load   Length Selector   Space Scale
C:\Users\JASSKH~1\AppData\Local\Temp\st4.o
                init                                  0        0        4        0       0
                idloc                            200000   200000        8   200000       0
                config                           300000   300000        E   300000       0
dist/default/production\Project_Protoype.X.production.o
                smallconst                          200      200       3E      100       0
                text43                             177C     177C        8      11F       0
                text42                             1774     1774        8      11F       0
                text41                             175A     175A        A      11F       0
                text40                             176C     176C        8      11F       0
                text39                             1764     1764        8      11F       0
                text38                             1750     1750        A      11F       0
                text37                             1790     1790        4      11F       0
                text36                             1746     1746        A      11F       0
                text35                             178C     178C        4      11F       0
                text34                             173C     173C        A      11F       0
                text33                             1732     1732        A      11F       0
                text32                             1348     1348       78      11F       0
                text31                             11E8     11E8       E4      11F       0
                text30                             1624     1624       28      11F       0
                text29                             16D4     16D4       14      11F       0
                text28                             166C     166C       20      11F       0
                text27                             1788     1788        4      11F       0
                text26                             1784     1784        4      11F       0
                text25                             15FC     15FC       28      11F       0
                text24                              23E      23E      4C0      11F       0
                text23                              6FE      6FE      39A      11F       0
                text22                              D38      D38      1B4      11F       0
                text21                             10EC     10EC       FC      11F       0
                text20                              FF0      FF0       FC      11F       0
                text19                             1488     1488       5C      11F       0
                text18                             12CC     12CC       7C      11F       0
                text17                             14E4     14E4       56      11F       0
                text16                             164C     164C       20      11F       0
                text15                             13C0     13C0       66      11F       0
                text14                             1426     1426       62      11F       0
                text13                             1728     1728        A      11F       0
                text12                             171E     171E        A      11F       0
                text11                             1714     1714        A      11F       0
                text10                             15BE     15BE       3E      11F       0
                text9                              170A     170A        A      11F       0
                text8                              1700     1700        A      11F       0
                text7                              16F6     16F6        A      11F       0
                text6                              1580     1580       3E      11F       0
                text5                              16E8     16E8        E      11F       0
                text4                              153A     153A       46      11F       0
                text3                              168C     168C       1C      11F       0
                text2                              16BE     16BE       16      11F       0
                text1                               EEC      EEC      104      11F       0
                text0                               A98      A98      2A0      11F       0
                cstackCOMRAM                          1        1       34        1       1
                bssCOMRAM                            43       43        A        1       1
                cinit                              16A8     16A8       16      11F       0
                nvCOMRAM                             35       35        E        1       1

TOTAL           Name                               Link     Load   Length     Space
        CLASS   STACK          

        CLASS   CODE           
                init                                  0        0        4         0
                text43                             177C     177C        8         0
                text42                             1774     1774        8         0
                text41                             175A     175A        A         0
                text40                             176C     176C        8         0
                text39                             1764     1764        8         0
                text38                             1750     1750        A         0
                text37                             1790     1790        4         0
                text36                             1746     1746        A         0
                text35                             178C     178C        4         0
                text34                             173C     173C        A         0
                text33                             1732     1732        A         0
                text32                             1348     1348       78         0
                text31                             11E8     11E8       E4         0
                text30                             1624     1624       28         0
                text29                             16D4     16D4       14         0
                text28                             166C     166C       20         0
                text27                             1788     1788        4         0
                text26                             1784     1784        4         0
                text25                             15FC     15FC       28         0
                text24                              23E      23E      4C0         0
                text23                              6FE      6FE      39A         0
                text22                              D38      D38      1B4         0
                text21                             10EC     10EC       FC         0
                text20                              FF0      FF0       FC         0
                text19                             1488     1488       5C         0
                text18                             12CC     12CC       7C         0
                text17                             14E4     14E4       56         0
                text16                             164C     164C       20         0
                text15                             13C0     13C0       66         0
                text14                             1426     1426       62         0
                text13                             1728     1728        A         0
                text12                             171E     171E        A         0
                text11                             1714     1714        A         0
                text10                             15BE     15BE       3E         0
                text9                              170A     170A        A         0
                text8                              1700     1700        A         0
                text7                              16F6     16F6        A         0
                text6                              1580     1580       3E         0
                text5                              16E8     16E8        E         0
                text4                              153A     153A       46         0
                text3                              168C     168C       1C         0
                text2                              16BE     16BE       16         0
                text1                               EEC      EEC      104         0
                text0                               A98      A98      2A0         0
                cinit                              16A8     16A8       16         0

        CLASS   CONST          

        CLASS   SMALLCONST     
                smallconst                          200      200       3E         0

        CLASS   MEDIUMCONST    

        CLASS   COMRAM         
                cstackCOMRAM                          1        1       34         1
                bssCOMRAM                            43       43        A         1
                nvCOMRAM                             35       35        E         1

        CLASS   ABS1           

        CLASS   BIGRAM         

        CLASS   RAM            

        CLASS   BANK0          

        CLASS   BANK1          

        CLASS   SFR            

        CLASS   FARRAM         

        CLASS   CONFIG         
                config                           300000   300000        E         0

        CLASS   IDLOC          
                idloc                            200000   200000        8         0

        CLASS   EEDATA         



SEGMENTS        Name                           Load    Length   Top    Selector   Space  Class

                reset_vec                      000000  000004  000004         0       0  CODE    
                cstackCOMRAM                   000001  00004C  00004D         1       1  COMRAM  
                smallconst                     000200  00003E  00023E       100       0  SMALLCON
                text24                         00023E  001556  001794       11F       0  CODE    
                idloc                          200000  000008  200008    200000       0  IDLOC   
                config                         300000  00000E  30000E    300000       0  CONFIG  


UNUSED ADDRESS RANGES

        Name                Unused          Largest block    Delta
        BANK0            000060-0000FF               A0
        BANK1            000100-0001FF              100
        BIGRAM           00004D-0001FF              1B3
        CODE             000004-0001FF              1FC
                         001794-001FFF              86C
        COMRAM           00004D-00005F               13
        CONST            000004-0001FF              1FC
                         001794-001FFF              86C
        EEDATA           F00000-F000FF              100
        MEDIUMCONST      001794-001FFF              86C
        RAM              000060-0001FF               A0
        SFR              000F38-000FFF               28
        SMALLCONST       001794-001FFF              100
        STACK            000060-0001FF              1A0

                                  Symbol Table

?_Get_Distance_Front                            cstackCOMRAM 00001A
?_Get_Distance_Rear                             cstackCOMRAM 00001A
?_TMR1_ReadTimer                                cstackCOMRAM 000001
?___fladd                                       cstackCOMRAM 000001
?___fldiv                                       cstackCOMRAM 000001
?___xxtofl                                      cstackCOMRAM 000009
?_strcmp                                        cstackCOMRAM 000001
Chair_Position@Command                          cstackCOMRAM 000006
EUSART1_SetErrorHandler@interruptHandler        cstackCOMRAM 000001
EUSART1_SetFramingErrorHandler@interruptHandler cstackCOMRAM 000001
EUSART1_SetOverrunErrorHandler@interruptHandler cstackCOMRAM 000001
EUSART2_SetErrorHandler@interruptHandler        cstackCOMRAM 000001
EUSART2_SetFramingErrorHandler@interruptHandler cstackCOMRAM 000001
EUSART2_SetOverrunErrorHandler@interruptHandler cstackCOMRAM 000001
Lcd_Cmd@a                                       cstackCOMRAM 000003
Lcd_Print_Char@Lower_Nibble                     cstackCOMRAM 000002
Lcd_Print_Char@Upper_Nibble                     cstackCOMRAM 000003
Lcd_Print_Char@data                             cstackCOMRAM 000008
Lcd_Print_Char@i                                cstackCOMRAM 000004
Lcd_Print_Char@i_1375                           cstackCOMRAM 000006
Lcd_Print_String@a                              cstackCOMRAM 000009
Lcd_Print_String@i                              cstackCOMRAM 00000D
Lcd_SetBit@data_bit                             cstackCOMRAM 000001
Lcd_Set_Cursor@a                                cstackCOMRAM 000005
Lcd_Set_Cursor@b                                cstackCOMRAM 000004
Lcd_Set_Cursor@temp                             cstackCOMRAM 000008
Lcd_Set_Cursor@y                                cstackCOMRAM 000007
Lcd_Set_Cursor@z                                cstackCOMRAM 000006
TMR1_ReadTimer@readVal                          cstackCOMRAM 000005
TMR1_ReadTimer@readValHigh                      cstackCOMRAM 000007
TMR1_ReadTimer@readValLow                       cstackCOMRAM 000008
TMR1_WriteTimer@timerVal                        cstackCOMRAM 000001
_ANSELA                                         (abs)        000F38
_ANSELB                                         (abs)        000F39
_ANSELC                                         (abs)        000F3A
_ANSELD                                         (abs)        000F3B
_ANSELE                                         (abs)        000F3C
_BAUDCON1                                       (abs)        000FB8
_BAUDCON2                                       (abs)        000F70
_Chair_Position                                 text31       0011E8
_Distance                                       bssCOMRAM    000043
_EUSART1_DefaultErrorHandler                    (abs)        000000
_EUSART1_DefaultFramingErrorHandler             (abs)        000000
_EUSART1_DefaultOverrunErrorHandler             (abs)        000000
_EUSART1_ErrorHandler                           nvCOMRAM     00003D
_EUSART1_FramingErrorHandler                    nvCOMRAM     000041
_EUSART1_Initialize                             text10       0015BE
_EUSART1_OverrunErrorHandler                    nvCOMRAM     00003F
_EUSART1_Read                                   text30       001624
_EUSART1_SetErrorHandler                        text13       001728
_EUSART1_SetFramingErrorHandler                 text12       00171E
_EUSART1_SetOverrunErrorHandler                 text11       001714
_EUSART1_is_rx_ready                            text29       0016D4
_EUSART2_DefaultErrorHandler                    (abs)        000000
_EUSART2_DefaultFramingErrorHandler             (abs)        000000
_EUSART2_DefaultOverrunErrorHandler             (abs)        000000
_EUSART2_ErrorHandler                           nvCOMRAM     000035
_EUSART2_FramingErrorHandler                    nvCOMRAM     000039
_EUSART2_Initialize                             text6        001580
_EUSART2_OverrunErrorHandler                    nvCOMRAM     000037
_EUSART2_SetErrorHandler                        text9        00170A
_EUSART2_SetFramingErrorHandler                 text8        001700
_EUSART2_SetOverrunErrorHandler                 text7        0016F6
_Get_Distance_Front                             text21       0010EC
_Get_Distance_Rear                              text20       000FF0
_INTCON2bits                                    (abs)        000FF1
_INTCONbits                                     (abs)        000FF2
_LATA                                           (abs)        000F89
_LATAbits                                       (abs)        000F89
_LATB                                           (abs)        000F8A
_LATBbits                                       (abs)        000F8A
_LATC                                           (abs)        000F8B
_LATCbits                                       (abs)        000F8B
_LATD                                           (abs)        000F8C
_LATDbits                                       (abs)        000F8C
_LATE                                           (abs)        000F8D
_LATEbits                                       (abs)        000F8D
_Lcd_Cmd                                        text16       00164C
_Lcd_Print_Char                                 text18       0012CC
_Lcd_Print_String                               text17       0014E4
_Lcd_SetBit                                     text19       001488
_Lcd_Set_Cursor                                 text15       0013C0
_Lcd_Start                                      text14       001426
_Leftwheel_Back                                 text43       00177C
_Leftwheel_Forward                              text40       00176C
_Leftwheel_Stop                                 text37       001790
_Move_Back                                      text41       00175A
_Move_Forward                                   text38       001750
_Move_Right                                     text36       001746
_Move_left                                      text34       00173C
_OSCCON                                         (abs)        000FD3
_OSCCON2                                        (abs)        000FD2
_OSCILLATOR_Initialize                          text5        0016E8
_OSCTUNE                                        (abs)        000F9B
_PIN_MANAGER_Initialize                         text4        00153A
_PIR1bits                                       (abs)        000F9E
_PIR3bits                                       (abs)        000FA4
_PORTBbits                                      (abs)        000F81
_PORTDbits                                      (abs)        000F83
_RCREG1                                         (abs)        000FAE
_RCREG2                                         (abs)        000F74
_RCSTA1                                         (abs)        000FAB
_RCSTA1bits                                     (abs)        000FAB
_RCSTA2                                         (abs)        000F71
_RCSTA2bits                                     (abs)        000F71
_Rightwheel_Back                                text42       001774
_Rightwheel_Forward                             text39       001764
_Rightwheel_Stop                                text35       00178C
_SPBRG1                                         (abs)        000FAF
_SPBRG2                                         (abs)        000F75
_SPBRGH1                                        (abs)        000FB0
_SPBRGH2                                        (abs)        000F76
_SYSTEM_Initialize                              text2        0016BE
_Stop                                           text33       001732
_T1CON                                          (abs)        000FCD
_T1CONbits                                      (abs)        000FCD
_T1GCON                                         (abs)        000FCC
_T1GCONbits                                     (abs)        000FCC
_TMR1                                           (abs)        000FCE
_TMR1H                                          (abs)        000FCF
_TMR1L                                          (abs)        000FCE
_TMR1_Initialize                                text3        00168C
_TMR1_ReadTimer                                 text28       00166C
_TMR1_StartTimer                                text27       001788
_TMR1_StopTimer                                 text26       001784
_TMR1_WriteTimer                                text25       0015FC
_TRISA                                          (abs)        000F92
_TRISB                                          (abs)        000F93
_TRISC                                          (abs)        000F94
_TRISD                                          (abs)        000F95
_TRISE                                          (abs)        000F96
_TXREG1                                         (abs)        000FAD
_TXREG2                                         (abs)        000F73
_TXSTA1                                         (abs)        000FAC
_TXSTA1bits                                     (abs)        000FAC
_TXSTA2                                         (abs)        000F72
_TXSTA2bits                                     (abs)        000F72
_Time                                           bssCOMRAM    000047
_WPUB                                           (abs)        000F61
__CFG_BOREN$OFF                                 (abs)        000000
__CFG_BORV$190                                  (abs)        000000
__CFG_CCP2MX$PORTC1                             (abs)        000000
__CFG_CCP3MX$PORTB5                             (abs)        000000
__CFG_CP0$OFF                                   (abs)        000000
__CFG_CP1$OFF                                   (abs)        000000
__CFG_CPB$OFF                                   (abs)        000000
__CFG_CPD$OFF                                   (abs)        000000
__CFG_DEBUG$OFF                                 (abs)        000000
__CFG_EBTR0$OFF                                 (abs)        000000
__CFG_EBTR1$OFF                                 (abs)        000000
__CFG_EBTRB$OFF                                 (abs)        000000
__CFG_FCMEN$OFF                                 (abs)        000000
__CFG_FOSC$INTIO67                              (abs)        000000
__CFG_HFOFST$ON                                 (abs)        000000
__CFG_IESO$OFF                                  (abs)        000000
__CFG_LVP$OFF                                   (abs)        000000
__CFG_MCLRE$INTMCLR                             (abs)        000000
__CFG_P2BMX$PORTD2                              (abs)        000000
__CFG_PBADEN$ON                                 (abs)        000000
__CFG_PLLCFG$OFF                                (abs)        000000
__CFG_PRICLKEN$ON                               (abs)        000000
__CFG_PWRTEN$OFF                                (abs)        000000
__CFG_STVREN$ON                                 (abs)        000000
__CFG_T3CMX$PORTC0                              (abs)        000000
__CFG_WDTEN$OFF                                 (abs)        000000
__CFG_WDTPS$32768                               (abs)        000000
__CFG_WRT0$OFF                                  (abs)        000000
__CFG_WRT1$OFF                                  (abs)        000000
__CFG_WRTB$OFF                                  (abs)        000000
__CFG_WRTC$OFF                                  (abs)        000000
__CFG_WRTD$OFF                                  (abs)        000000
__CFG_XINST$OFF                                 (abs)        000000
__HRAM                                          (abs)        000000
__Habs1                                         abs1         000000
__Hbank0                                        bank0        000000
__Hbank1                                        bank1        000000
__Hbigbss                                       bigbss       000000
__Hbigdata                                      bigdata      000000
__Hbigram                                       bigram       000000
__Hbss                                          bss          000000
__HbssCOMRAM                                    bssCOMRAM    000000
__Hcinit                                        cinit        000000
__Hclrtext                                      clrtext      000000
__Hcomram                                       comram       000000
__Hconfig                                       config       30000E
__Hconst                                        const        000000
__HcstackCOMRAM                                 cstackCOMRAM 000000
__Hdata                                         data         000000
__Heeprom_data                                  eeprom_data  000000
__Hfarbss                                       farbss       000000
__Hfardata                                      fardata      000000
__Hibigdata                                     ibigdata     000000
__Hidata                                        idata        000000
__Hidloc                                        idloc        200008
__Hifardata                                     ifardata     000000
__Hinit                                         init         000004
__Hintcode                                      intcode      000000
__Hintcode_body                                 intcode_body 000000
__Hintcodelo                                    intcodelo    000000
__Hintentry                                     intentry     000000
__Hintret                                       intret       000000
__Hintsave_regs                                 intsave_regs 000000
__Hirdata                                       irdata       000000
__Hmediumconst                                  mediumconst  000000
__HnvCOMRAM                                     nvCOMRAM     000000
__HnvFARRAM                                     nvFARRAM     000000
__Hnvbit                                        nvbit        000000
__Hnvrram                                       nvrram       000000
__Hparam                                        rparam       000000
__Hpowerup                                      powerup      000000
__Hram                                          ram          000000
__Hramtop                                       ramtop       000200
__Hrbit                                         rbit         000000
__Hrbss                                         rbss         000000
__Hrdata                                        rdata        000000
__Hreset_vec                                    reset_vec    000000
__Hrparam                                       rparam       000000
__Hsfr                                          sfr          000000
__Hsmallconst                                   smallconst   00023E
__Hspace_0                                      (abs)        30000E
__Hspace_1                                      (abs)        00004D
__Hspace_2                                      (abs)        000000
__Hstack                                        stack        000000
__Hstruct                                       struct       000000
__Htemp                                         temp         000000
__Htext                                         text         000000
__Htext0                                        text0        000000
__Htext1                                        text1        000000
__Htext10                                       text10       000000
__Htext11                                       text11       000000
__Htext12                                       text12       000000
__Htext13                                       text13       000000
__Htext14                                       text14       000000
__Htext15                                       text15       000000
__Htext16                                       text16       000000
__Htext17                                       text17       000000
__Htext18                                       text18       000000
__Htext19                                       text19       000000
__Htext2                                        text2        000000
__Htext20                                       text20       000000
__Htext21                                       text21       000000
__Htext22                                       text22       000000
__Htext23                                       text23       000000
__Htext24                                       text24       000000
__Htext25                                       text25       000000
__Htext26                                       text26       000000
__Htext27                                       text27       000000
__Htext28                                       text28       000000
__Htext29                                       text29       000000
__Htext3                                        text3        000000
__Htext30                                       text30       000000
__Htext31                                       text31       000000
__Htext32                                       text32       000000
__Htext33                                       text33       000000
__Htext34                                       text34       000000
__Htext35                                       text35       000000
__Htext36                                       text36       000000
__Htext37                                       text37       000000
__Htext38                                       text38       000000
__Htext39                                       text39       000000
__Htext4                                        text4        000000
__Htext40                                       text40       000000
__Htext41                                       text41       000000
__Htext42                                       text42       000000
__Htext43                                       text43       000000
__Htext5                                        text5        000000
__Htext6                                        text6        000000
__Htext7                                        text7        000000
__Htext8                                        text8        000000
__Htext9                                        text9        000000
__LRAM                                          (abs)        000001
__Labs1                                         abs1         000000
__Lbank0                                        bank0        000000
__Lbank1                                        bank1        000000
__Lbigbss                                       bigbss       000000
__Lbigdata                                      bigdata      000000
__Lbigram                                       bigram       000000
__Lbss                                          bss          000000
__LbssCOMRAM                                    bssCOMRAM    000000
__Lcinit                                        cinit        000000
__Lclrtext                                      clrtext      000000
__Lcomram                                       comram       000000
__Lconfig                                       config       300000
__Lconst                                        const        000000
__LcstackCOMRAM                                 cstackCOMRAM 000000
__Ldata                                         data         000000
__Leeprom_data                                  eeprom_data  000000
__Lfarbss                                       farbss       000000
__Lfardata                                      fardata      000000
__Libigdata                                     ibigdata     000000
__Lidata                                        idata        000000
__Lidloc                                        idloc        200000
__Lifardata                                     ifardata     000000
__Linit                                         init         000000
__Lintcode                                      intcode      000000
__Lintcode_body                                 intcode_body 000000
__Lintcodelo                                    intcodelo    000000
__Lintentry                                     intentry     000000
__Lintret                                       intret       000000
__Lintsave_regs                                 intsave_regs 000000
__Lirdata                                       irdata       000000
__Lmediumconst                                  mediumconst  000000
__LnvCOMRAM                                     nvCOMRAM     000000
__LnvFARRAM                                     nvFARRAM     000000
__Lnvbit                                        nvbit        000000
__Lnvrram                                       nvrram       000000
__Lparam                                        rparam       000000
__Lpowerup                                      powerup      000000
__Lram                                          ram          000000
__Lramtop                                       ramtop       000200
__Lrbit                                         rbit         000000
__Lrbss                                         rbss         000000
__Lrdata                                        rdata        000000
__Lreset_vec                                    reset_vec    000000
__Lrparam                                       rparam       000000
__Lsfr                                          sfr          000000
__Lsmallconst                                   smallconst   000200
__Lspace_0                                      (abs)        000000
__Lspace_1                                      (abs)        000000
__Lspace_2                                      (abs)        000000
__Lstack                                        stack        000000
__Lstruct                                       struct       000000
__Ltemp                                         temp         000000
__Ltext                                         text         000000
__Ltext0                                        text0        000000
__Ltext1                                        text1        000000
__Ltext10                                       text10       000000
__Ltext11                                       text11       000000
__Ltext12                                       text12       000000
__Ltext13                                       text13       000000
__Ltext14                                       text14       000000
__Ltext15                                       text15       000000
__Ltext16                                       text16       000000
__Ltext17                                       text17       000000
__Ltext18                                       text18       000000
__Ltext19                                       text19       000000
__Ltext2                                        text2        000000
__Ltext20                                       text20       000000
__Ltext21                                       text21       000000
__Ltext22                                       text22       000000
__Ltext23                                       text23       000000
__Ltext24                                       text24       000000
__Ltext25                                       text25       000000
__Ltext26                                       text26       000000
__Ltext27                                       text27       000000
__Ltext28                                       text28       000000
__Ltext29                                       text29       000000
__Ltext3                                        text3        000000
__Ltext30                                       text30       000000
__Ltext31                                       text31       000000
__Ltext32                                       text32       000000
__Ltext33                                       text33       000000
__Ltext34                                       text34       000000
__Ltext35                                       text35       000000
__Ltext36                                       text36       000000
__Ltext37                                       text37       000000
__Ltext38                                       text38       000000
__Ltext39                                       text39       000000
__Ltext4                                        text4        000000
__Ltext40                                       text40       000000
__Ltext41                                       text41       000000
__Ltext42                                       text42       000000
__Ltext43                                       text43       000000
__Ltext5                                        text5        000000
__Ltext6                                        text6        000000
__Ltext7                                        text7        000000
__Ltext8                                        text8        000000
__Ltext9                                        text9        000000
__S0                                            (abs)        30000E
__S1                                            (abs)        00004D
__S2                                            (abs)        000000
___fladd                                        text24       00023E
___fladd@a                                      cstackCOMRAM 000005
___fladd@aexp                                   cstackCOMRAM 00000E
___fladd@b                                      cstackCOMRAM 000001
___fladd@bexp                                   cstackCOMRAM 00000F
___fladd@grs                                    cstackCOMRAM 000010
___fladd@signs                                  cstackCOMRAM 00000D
___fldiv                                        text23       0006FE
___fldiv@a                                      cstackCOMRAM 000005
___fldiv@aexp                                   cstackCOMRAM 000019
___fldiv@b                                      cstackCOMRAM 000001
___fldiv@bexp                                   cstackCOMRAM 000018
___fldiv@grs                                    cstackCOMRAM 000014
___fldiv@new_exp                                cstackCOMRAM 000012
___fldiv@rem                                    cstackCOMRAM 00000D
___fldiv@sign                                   cstackCOMRAM 000011
___flge                                         text1        000EEC
___flge@ff1                                     cstackCOMRAM 00001E
___flge@ff2                                     cstackCOMRAM 000022
___inthi_sp                                     stack        000000
___intlo_sp                                     stack        000000
___param_bank                                   (abs)        000000
___rparam_used                                  (abs)        000001
___sp                                           stack        000000
___xxtofl                                       text22       000D38
___xxtofl@arg                                   cstackCOMRAM 000013
___xxtofl@exp                                   cstackCOMRAM 000012
___xxtofl@sign                                  cstackCOMRAM 000011
___xxtofl@val                                   cstackCOMRAM 000009
__accesstop                                     (abs)        000060
__activetblptr                                  (abs)        000002
__end_of_Chair_Position                         text31       0012CC
__end_of_EUSART1_Initialize                     text10       0015FC
__end_of_EUSART1_Read                           text30       00164C
__end_of_EUSART1_SetErrorHandler                text13       001732
__end_of_EUSART1_SetFramingErrorHandler         text12       001728
__end_of_EUSART1_SetOverrunErrorHandler         text11       00171E
__end_of_EUSART1_is_rx_ready                    text29       0016E8
__end_of_EUSART2_Initialize                     text6        0015BE
__end_of_EUSART2_SetErrorHandler                text9        001714
__end_of_EUSART2_SetFramingErrorHandler         text8        00170A
__end_of_EUSART2_SetOverrunErrorHandler         text7        001700
__end_of_Get_Distance_Front                     text21       0011E8
__end_of_Get_Distance_Rear                      text20       0010EC
__end_of_Lcd_Cmd                                text16       00166C
__end_of_Lcd_Print_Char                         text18       001348
__end_of_Lcd_Print_String                       text17       00153A
__end_of_Lcd_SetBit                             text19       0014E4
__end_of_Lcd_Set_Cursor                         text15       001426
__end_of_Lcd_Start                              text14       001488
__end_of_Leftwheel_Back                         text43       001784
__end_of_Leftwheel_Forward                      text40       001774
__end_of_Leftwheel_Stop                         text37       001794
__end_of_Move_Back                              text41       001764
__end_of_Move_Forward                           text38       00175A
__end_of_Move_Right                             text36       001750
__end_of_Move_left                              text34       001746
__end_of_OSCILLATOR_Initialize                  text5        0016F6
__end_of_PIN_MANAGER_Initialize                 text4        001580
__end_of_Rightwheel_Back                        text42       00177C
__end_of_Rightwheel_Forward                     text39       00176C
__end_of_Rightwheel_Stop                        text35       001790
__end_of_SYSTEM_Initialize                      text2        0016D4
__end_of_Stop                                   text33       00173C
__end_of_TMR1_Initialize                        text3        0016A8
__end_of_TMR1_ReadTimer                         text28       00168C
__end_of_TMR1_StartTimer                        text27       00178C
__end_of_TMR1_StopTimer                         text26       001788
__end_of_TMR1_WriteTimer                        text25       001624
__end_of___fladd                                text24       0006FE
__end_of___fldiv                                text23       000A98
__end_of___flge                                 text1        000FF0
__end_of___xxtofl                               text22       000EEC
__end_of__initialization                        cinit        0016B4
__end_of_main                                   text0        000D38
__end_of_strcmp                                 text32       0013C0
__initialization                                cinit        0016A8
__mediumconst                                   mediumconst  000000
__pbssCOMRAM                                    bssCOMRAM    000043
__pcinit                                        cinit        0016A8
__pcstackCOMRAM                                 cstackCOMRAM 000001
__pnvCOMRAM                                     nvCOMRAM     000035
__psmallconst                                   smallconst   000200
__ptext0                                        text0        000A98
__ptext1                                        text1        000EEC
__ptext10                                       text10       0015BE
__ptext11                                       text11       001714
__ptext12                                       text12       00171E
__ptext13                                       text13       001728
__ptext14                                       text14       001426
__ptext15                                       text15       0013C0
__ptext16                                       text16       00164C
__ptext17                                       text17       0014E4
__ptext18                                       text18       0012CC
__ptext19                                       text19       001488
__ptext2                                        text2        0016BE
__ptext20                                       text20       000FF0
__ptext21                                       text21       0010EC
__ptext22                                       text22       000D38
__ptext23                                       text23       0006FE
__ptext24                                       text24       00023E
__ptext25                                       text25       0015FC
__ptext26                                       text26       001784
__ptext27                                       text27       001788
__ptext28                                       text28       00166C
__ptext29                                       text29       0016D4
__ptext3                                        text3        00168C
__ptext30                                       text30       001624
__ptext31                                       text31       0011E8
__ptext32                                       text32       001348
__ptext33                                       text33       001732
__ptext34                                       text34       00173C
__ptext35                                       text35       00178C
__ptext36                                       text36       001746
__ptext37                                       text37       001790
__ptext38                                       text38       001750
__ptext39                                       text39       001764
__ptext4                                        text4        00153A
__ptext40                                       text40       00176C
__ptext41                                       text41       00175A
__ptext42                                       text42       001774
__ptext43                                       text43       00177C
__ptext5                                        text5        0016E8
__ptext6                                        text6        001580
__ptext7                                        text7        0016F6
__ptext8                                        text8        001700
__ptext9                                        text9        00170A
__ramtop                                        ramtop       000200
__size_of_Chair_Position                        (abs)        000000
__size_of_EUSART1_Initialize                    (abs)        000000
__size_of_EUSART1_Read                          (abs)        000000
__size_of_EUSART1_SetErrorHandler               (abs)        000000
__size_of_EUSART1_SetFramingErrorHandler        (abs)        000000
__size_of_EUSART1_SetOverrunErrorHandler        (abs)        000000
__size_of_EUSART1_is_rx_ready                   (abs)        000000
__size_of_EUSART2_Initialize                    (abs)        000000
__size_of_EUSART2_SetErrorHandler               (abs)        000000
__size_of_EUSART2_SetFramingErrorHandler        (abs)        000000
__size_of_EUSART2_SetOverrunErrorHandler        (abs)        000000
__size_of_Get_Distance_Front                    (abs)        000000
__size_of_Get_Distance_Rear                     (abs)        000000
__size_of_Lcd_Cmd                               (abs)        000000
__size_of_Lcd_Print_Char                        (abs)        000000
__size_of_Lcd_Print_String                      (abs)        000000
__size_of_Lcd_SetBit                            (abs)        000000
__size_of_Lcd_Set_Cursor                        (abs)        000000
__size_of_Lcd_Start                             (abs)        000000
__size_of_Leftwheel_Back                        (abs)        000000
__size_of_Leftwheel_Forward                     (abs)        000000
__size_of_Leftwheel_Stop                        (abs)        000000
__size_of_Move_Back                             (abs)        000000
__size_of_Move_Forward                          (abs)        000000
__size_of_Move_Right                            (abs)        000000
__size_of_Move_left                             (abs)        000000
__size_of_OSCILLATOR_Initialize                 (abs)        000000
__size_of_PIN_MANAGER_Initialize                (abs)        000000
__size_of_Rightwheel_Back                       (abs)        000000
__size_of_Rightwheel_Forward                    (abs)        000000
__size_of_Rightwheel_Stop                       (abs)        000000
__size_of_SYSTEM_Initialize                     (abs)        000000
__size_of_Stop                                  (abs)        000000
__size_of_TMR1_Initialize                       (abs)        000000
__size_of_TMR1_ReadTimer                        (abs)        000000
__size_of_TMR1_StartTimer                       (abs)        000000
__size_of_TMR1_StopTimer                        (abs)        000000
__size_of_TMR1_WriteTimer                       (abs)        000000
__size_of___fladd                               (abs)        000000
__size_of___fldiv                               (abs)        000000
__size_of___flge                                (abs)        000000
__size_of___xxtofl                              (abs)        000000
__size_of_main                                  (abs)        000000
__size_of_strcmp                                (abs)        000000
__smallconst                                    smallconst   000200
_eusart1RxLastError                             bssCOMRAM    00004C
_eusart2RxLastError                             bssCOMRAM    00004B
_main                                           text0        000A98
_strcmp                                         text32       001348
_timer1ReloadVal                                nvCOMRAM     00003B
end_of_initialization                           cinit        0016B4
intlevel0                                       text         000000
intlevel1                                       text         000000
intlevel2                                       text         000000
intlevel3                                       text         000000
main@Direction                                  cstackCOMRAM 000034
stackhi                                         (abs)        0001FF
stacklo                                         (abs)        000060
start                                           init         000000
start_initialization                            cinit        0016A8
strcmp@l                                        cstackCOMRAM 000001
strcmp@r                                        cstackCOMRAM 000003


FUNCTION INFORMATION:

 *************** function _main *****************
 Defined at:
		line 12 in file "main.c"
 Parameters:    Size  Location     Type
		None
 Auto vars:     Size  Location     Type
  rec           100    0        unsigned char [100]
  Time            4    0        float 
  Distance        4    0        float 
  Direction       1   51[COMRAM] unsigned char 
 Return value:  Size  Location     Type
                  1    wreg      void 
 Registers used:
		wreg, status,2, status,0, tblptrl, tblptrh, tblptru, cstack
 Tracked objects:
		On entry : 
		On exit  : 
		Unchanged: 
 Data sizes:     COMRAM   BANK0   BANK1
      Params:         0       0       0
      Locals:         9       0       0
      Temps:          2       0       0
      Totals:        11       0       0
Total ram usage:       11 bytes
 Hardware stack levels required when called:    3
 This function calls:
		_Chair_Position
		_EUSART1_Read
		_EUSART1_is_rx_ready
		_Get_Distance_Front
		_Get_Distance_Rear
		_Lcd_Print_String
		_Lcd_Set_Cursor
		_Lcd_Start
		_SYSTEM_Initialize
		___flge
 This function is called by:
		Startup code after reset
 This function uses a non-reentrant model


 *************** function ___flge *****************
 Defined at:
		line 4 in file "C:\Program Files (x86)\Microchip\xc8\v2.10\pic\sources\c99\common\flge.c"
 Parameters:    Size  Location     Type
  ff1             4   29[COMRAM] void 
  ff2             4   33[COMRAM] void 
 Auto vars:     Size  Location     Type
		None
 Return value:  Size  Location     Type
		None               void
 Registers used:
		wreg, status,2, status,0
 Tracked objects:
		On entry : 
		On exit  : 
		Unchanged: 
 Data sizes:     COMRAM   BANK0   BANK1
      Params:         8       0       0
      Locals:         0       0       0
      Temps:          4       0       0
      Totals:        12       0       0
Total ram usage:       12 bytes
 Hardware stack levels used:    1
 This function calls:
		Nothing
 This function is called by:
		_main
 This function uses a non-reentrant model


 *************** function _SYSTEM_Initialize *****************
 Defined at:
		line 50 in file "mcc_generated_files/mcc.c"
 Parameters:    Size  Location     Type
		None
 Auto vars:     Size  Location     Type
		None
 Return value:  Size  Location     Type
                  1    wreg      void 
 Registers used:
		wreg, status,2, status,0, cstack
 Tracked objects:
		On entry : 
		On exit  : 
		Unchanged: 
 Data sizes:     COMRAM   BANK0   BANK1
      Params:         0       0       0
      Locals:         0       0       0
      Temps:          0       0       0
      Totals:         0       0       0
Total ram usage:        0 bytes
 Hardware stack levels used:    1
 Hardware stack levels required when called:    2
 This function calls:
		_EUSART1_Initialize
		_EUSART2_Initialize
		_OSCILLATOR_Initialize
		_PIN_MANAGER_Initialize
		_TMR1_Initialize
 This function is called by:
		_main
 This function uses a non-reentrant model


 *************** function _TMR1_Initialize *****************
 Defined at:
		line 63 in file "mcc_generated_files/tmr1.c"
 Parameters:    Size  Location     Type
		None
 Auto vars:     Size  Location     Type
		None
 Return value:  Size  Location     Type
                  1    wreg      void 
 Registers used:
		wreg, status,2
 Tracked objects:
		On entry : 
		On exit  : 
		Unchanged: 
 Data sizes:     COMRAM   BANK0   BANK1
      Params:         0       0       0
      Locals:         0       0       0
      Temps:          0       0       0
      Totals:         0       0       0
Total ram usage:        0 bytes
 Hardware stack levels used:    1
 This function calls:
		Nothing
 This function is called by:
		_SYSTEM_Initialize
 This function uses a non-reentrant model


 *************** function _PIN_MANAGER_Initialize *****************
 Defined at:
		line 55 in file "mcc_generated_files/pin_manager.c"
 Parameters:    Size  Location     Type
		None
 Auto vars:     Size  Location     Type
		None
 Return value:  Size  Location     Type
                  1    wreg      void 
 Registers used:
		wreg, status,2
 Tracked objects:
		On entry : 
		On exit  : 
		Unchanged: 
 Data sizes:     COMRAM   BANK0   BANK1
      Params:         0       0       0
      Locals:         0       0       0
      Temps:          0       0       0
      Totals:         0       0       0
Total ram usage:        0 bytes
 Hardware stack levels used:    1
 This function calls:
		Nothing
 This function is called by:
		_SYSTEM_Initialize
 This function uses a non-reentrant model


 *************** function _OSCILLATOR_Initialize *****************
 Defined at:
		line 60 in file "mcc_generated_files/mcc.c"
 Parameters:    Size  Location     Type
		None
 Auto vars:     Size  Location     Type
		None
 Return value:  Size  Location     Type
                  1    wreg      void 
 Registers used:
		wreg, status,2
 Tracked objects:
		On entry : 
		On exit  : 
		Unchanged: 
 Data sizes:     COMRAM   BANK0   BANK1
      Params:         0       0       0
      Locals:         0       0       0
      Temps:          0       0       0
      Totals:         0       0       0
Total ram usage:        0 bytes
 Hardware stack levels used:    1
 This function calls:
		Nothing
 This function is called by:
		_SYSTEM_Initialize
 This function uses a non-reentrant model


 *************** function _EUSART2_Initialize *****************
 Defined at:
		line 66 in file "mcc_generated_files/eusart2.c"
 Parameters:    Size  Location     Type
		None
 Auto vars:     Size  Location     Type
		None
 Return value:  Size  Location     Type
                  1    wreg      void 
 Registers used:
		wreg, status,2, status,0, cstack
 Tracked objects:
		On entry : 
		On exit  : 
		Unchanged: 
 Data sizes:     COMRAM   BANK0   BANK1
      Params:         0       0       0
      Locals:         0       0       0
      Temps:          0       0       0
      Totals:         0       0       0
Total ram usage:        0 bytes
 Hardware stack levels used:    1
 Hardware stack levels required when called:    1
 This function calls:
		_EUSART2_SetErrorHandler
		_EUSART2_SetFramingErrorHandler
		_EUSART2_SetOverrunErrorHandler
 This function is called by:
		_SYSTEM_Initialize
 This function uses a non-reentrant model


 *************** function _EUSART2_SetOverrunErrorHandler *****************
 Defined at:
		line 161 in file "mcc_generated_files/eusart2.c"
 Parameters:    Size  Location     Type
  interruptHan    2    0[COMRAM] PTR FTN()void 
		 -> EUSART2_DefaultOverrunErrorHandler(1), 
 Auto vars:     Size  Location     Type
		None
 Return value:  Size  Location     Type
                  1    wreg      void 
 Registers used:
		wreg, status,2, status,0
 Tracked objects:
		On entry : 
		On exit  : 
		Unchanged: 
 Data sizes:     COMRAM   BANK0   BANK1
      Params:         2       0       0
      Locals:         0       0       0
      Temps:          0       0       0
      Totals:         2       0       0
Total ram usage:        2 bytes
 Hardware stack levels used:    1
 This function calls:
		Nothing
 This function is called by:
		_EUSART2_Initialize
 This function uses a non-reentrant model


 *************** function _EUSART2_SetFramingErrorHandler *****************
 Defined at:
		line 157 in file "mcc_generated_files/eusart2.c"
 Parameters:    Size  Location     Type
  interruptHan    2    0[COMRAM] PTR FTN()void 
		 -> EUSART2_DefaultFramingErrorHandler(1), 
 Auto vars:     Size  Location     Type
		None
 Return value:  Size  Location     Type
                  1    wreg      void 
 Registers used:
		wreg, status,2, status,0
 Tracked objects:
		On entry : 
		On exit  : 
		Unchanged: 
 Data sizes:     COMRAM   BANK0   BANK1
      Params:         2       0       0
      Locals:         0       0       0
      Temps:          0       0       0
      Totals:         2       0       0
Total ram usage:        2 bytes
 Hardware stack levels used:    1
 This function calls:
		Nothing
 This function is called by:
		_EUSART2_Initialize
 This function uses a non-reentrant model


 *************** function _EUSART2_SetErrorHandler *****************
 Defined at:
		line 165 in file "mcc_generated_files/eusart2.c"
 Parameters:    Size  Location     Type
  interruptHan    2    0[COMRAM] PTR FTN()void 
		 -> EUSART2_DefaultErrorHandler(1), 
 Auto vars:     Size  Location     Type
		None
 Return value:  Size  Location     Type
                  1    wreg      void 
 Registers used:
		wreg, status,2, status,0
 Tracked objects:
		On entry : 
		On exit  : 
		Unchanged: 
 Data sizes:     COMRAM   BANK0   BANK1
      Params:         2       0       0
      Locals:         0       0       0
      Temps:          0       0       0
      Totals:         2       0       0
Total ram usage:        2 bytes
 Hardware stack levels used:    1
 This function calls:
		Nothing
 This function is called by:
		_EUSART2_Initialize
 This function uses a non-reentrant model


 *************** function _EUSART1_Initialize *****************
 Defined at:
		line 66 in file "mcc_generated_files/eusart1.c"
 Parameters:    Size  Location     Type
		None
 Auto vars:     Size  Location     Type
		None
 Return value:  Size  Location     Type
                  1    wreg      void 
 Registers used:
		wreg, status,2, status,0, cstack
 Tracked objects:
		On entry : 
		On exit  : 
		Unchanged: 
 Data sizes:     COMRAM   BANK0   BANK1
      Params:         0       0       0
      Locals:         0       0       0
      Temps:          0       0       0
      Totals:         0       0       0
Total ram usage:        0 bytes
 Hardware stack levels used:    1
 Hardware stack levels required when called:    1
 This function calls:
		_EUSART1_SetErrorHandler
		_EUSART1_SetFramingErrorHandler
		_EUSART1_SetOverrunErrorHandler
 This function is called by:
		_SYSTEM_Initialize
 This function uses a non-reentrant model


 *************** function _EUSART1_SetOverrunErrorHandler *****************
 Defined at:
		line 170 in file "mcc_generated_files/eusart1.c"
 Parameters:    Size  Location     Type
  interruptHan    2    0[COMRAM] PTR FTN()void 
		 -> EUSART1_DefaultOverrunErrorHandler(1), 
 Auto vars:     Size  Location     Type
		None
 Return value:  Size  Location     Type
                  1    wreg      void 
 Registers used:
		wreg, status,2, status,0
 Tracked objects:
		On entry : 
		On exit  : 
		Unchanged: 
 Data sizes:     COMRAM   BANK0   BANK1
      Params:         2       0       0
      Locals:         0       0       0
      Temps:          0       0       0
      Totals:         2       0       0
Total ram usage:        2 bytes
 Hardware stack levels used:    1
 This function calls:
		Nothing
 This function is called by:
		_EUSART1_Initialize
 This function uses a non-reentrant model


 *************** function _EUSART1_SetFramingErrorHandler *****************
 Defined at:
		line 166 in file "mcc_generated_files/eusart1.c"
 Parameters:    Size  Location     Type
  interruptHan    2    0[COMRAM] PTR FTN()void 
		 -> EUSART1_DefaultFramingErrorHandler(1), 
 Auto vars:     Size  Location     Type
		None
 Return value:  Size  Location     Type
                  1    wreg      void 
 Registers used:
		wreg, status,2, status,0
 Tracked objects:
		On entry : 
		On exit  : 
		Unchanged: 
 Data sizes:     COMRAM   BANK0   BANK1
      Params:         2       0       0
      Locals:         0       0       0
      Temps:          0       0       0
      Totals:         2       0       0
Total ram usage:        2 bytes
 Hardware stack levels used:    1
 This function calls:
		Nothing
 This function is called by:
		_EUSART1_Initialize
 This function uses a non-reentrant model


 *************** function _EUSART1_SetErrorHandler *****************
 Defined at:
		line 174 in file "mcc_generated_files/eusart1.c"
 Parameters:    Size  Location     Type
  interruptHan    2    0[COMRAM] PTR FTN()void 
		 -> EUSART1_DefaultErrorHandler(1), 
 Auto vars:     Size  Location     Type
		None
 Return value:  Size  Location     Type
                  1    wreg      void 
 Registers used:
		wreg, status,2, status,0
 Tracked objects:
		On entry : 
		On exit  : 
		Unchanged: 
 Data sizes:     COMRAM   BANK0   BANK1
      Params:         2       0       0
      Locals:         0       0       0
      Temps:          0       0       0
      Totals:         2       0       0
Total ram usage:        2 bytes
 Hardware stack levels used:    1
 This function calls:
		Nothing
 This function is called by:
		_EUSART1_Initialize
 This function uses a non-reentrant model


 *************** function _Lcd_Start *****************
 Defined at:
		line 75 in file "./LCD.h"
 Parameters:    Size  Location     Type
		None
 Auto vars:     Size  Location     Type
  i               2    0        int 
 Return value:  Size  Location     Type
                  1    wreg      void 
 Registers used:
		wreg, status,2, cstack
 Tracked objects:
		On entry : 
		On exit  : 
		Unchanged: 
 Data sizes:     COMRAM   BANK0   BANK1
      Params:         0       0       0
      Locals:         2       0       0
      Temps:          1       0       0
      Totals:         3       0       0
Total ram usage:        3 bytes
 Hardware stack levels used:    1
 Hardware stack levels required when called:    2
 This function calls:
		_Lcd_Cmd
		_Lcd_SetBit
 This function is called by:
		_main
 This function uses a non-reentrant model


 *************** function _Lcd_Set_Cursor *****************
 Defined at:
		line 55 in file "./LCD.h"
 Parameters:    Size  Location     Type
  a               1    wreg     unsigned char 
  b               1    3[COMRAM] unsigned char 
 Auto vars:     Size  Location     Type
  a               1    4[COMRAM] unsigned char 
  temp            1    7[COMRAM] unsigned char 
  y               1    6[COMRAM] unsigned char 
  z               1    5[COMRAM] unsigned char 
 Return value:  Size  Location     Type
                  1    wreg      void 
 Registers used:
		wreg, status,2, status,0, cstack
 Tracked objects:
		On entry : 
		On exit  : 
		Unchanged: 
 Data sizes:     COMRAM   BANK0   BANK1
      Params:         1       0       0
      Locals:         4       0       0
      Temps:          0       0       0
      Totals:         5       0       0
Total ram usage:        5 bytes
 Hardware stack levels used:    1
 Hardware stack levels required when called:    2
 This function calls:
		_Lcd_Cmd
 This function is called by:
		_main
 This function uses a non-reentrant model


 *************** function _Lcd_Cmd *****************
 Defined at:
		line 39 in file "./LCD.h"
 Parameters:    Size  Location     Type
  a               1    wreg     unsigned char 
 Auto vars:     Size  Location     Type
  a               1    2[COMRAM] unsigned char 
 Return value:  Size  Location     Type
                  1    wreg      void 
 Registers used:
		wreg, status,2, cstack
 Tracked objects:
		On entry : 
		On exit  : 
		Unchanged: 
 Data sizes:     COMRAM   BANK0   BANK1
      Params:         0       0       0
      Locals:         1       0       0
      Temps:          1       0       0
      Totals:         2       0       0
Total ram usage:        2 bytes
 Hardware stack levels used:    1
 Hardware stack levels required when called:    1
 This function calls:
		_Lcd_SetBit
 This function is called by:
		_Lcd_Set_Cursor
		_Lcd_Start
		_Lcd_Clear
 This function uses a non-reentrant model


 *************** function _Lcd_Print_String *****************
 Defined at:
		line 109 in file "./LCD.h"
 Parameters:    Size  Location     Type
  a               2    8[COMRAM] PTR unsigned char 
		 -> STR_7(14), STR_6(16), 
 Auto vars:     Size  Location     Type
  i               2   12[COMRAM] int 
 Return value:  Size  Location     Type
                  1    wreg      void 
 Registers used:
		wreg, status,2, status,0, tblptrl, tblptrh, tblptru, cstack
 Tracked objects:
		On entry : 
		On exit  : 
		Unchanged: 
 Data sizes:     COMRAM   BANK0   BANK1
      Params:         2       0       0
      Locals:         2       0       0
      Temps:          2       0       0
      Totals:         6       0       0
Total ram usage:        6 bytes
 Hardware stack levels used:    1
 Hardware stack levels required when called:    2
 This function calls:
		_Lcd_Print_Char
 This function is called by:
		_main
 This function uses a non-reentrant model


 *************** function _Lcd_Print_Char *****************
 Defined at:
		line 93 in file "./LCD.h"
 Parameters:    Size  Location     Type
  data            1    wreg     unsigned char 
 Auto vars:     Size  Location     Type
  data            1    7[COMRAM] unsigned char 
  i               2    5[COMRAM] int 
  i               2    3[COMRAM] int 
  Upper_Nibble    1    2[COMRAM] unsigned char 
  Lower_Nibble    1    1[COMRAM] unsigned char 
 Return value:  Size  Location     Type
                  1    wreg      void 
 Registers used:
		wreg, status,2, status,0, cstack
 Tracked objects:
		On entry : 
		On exit  : 
		Unchanged: 
 Data sizes:     COMRAM   BANK0   BANK1
      Params:         0       0       0
      Locals:         7       0       0
      Temps:          0       0       0
      Totals:         7       0       0
Total ram usage:        7 bytes
 Hardware stack levels used:    1
 Hardware stack levels required when called:    1
 This function calls:
		_Lcd_SetBit
 This function is called by:
		_Lcd_Print_String
 This function uses a non-reentrant model


 *************** function _Lcd_SetBit *****************
 Defined at:
		line 16 in file "./LCD.h"
 Parameters:    Size  Location     Type
  data_bit        1    wreg     unsigned char 
 Auto vars:     Size  Location     Type
  data_bit        1    0[COMRAM] unsigned char 
 Return value:  Size  Location     Type
                  1    wreg      void 
 Registers used:
		wreg
 Tracked objects:
		On entry : 
		On exit  : 
		Unchanged: 
 Data sizes:     COMRAM   BANK0   BANK1
      Params:         0       0       0
      Locals:         1       0       0
      Temps:          0       0       0
      Totals:         1       0       0
Total ram usage:        1 bytes
 Hardware stack levels used:    1
 This function calls:
		Nothing
 This function is called by:
		_Lcd_Cmd
		_Lcd_Start
		_Lcd_Print_Char
 This function uses a non-reentrant model


 *************** function _Get_Distance_Rear *****************
 Defined at:
		line 57 in file "./Hc_Sr05.h"
 Parameters:    Size  Location     Type
		None
 Auto vars:     Size  Location     Type
		None
 Return value:  Size  Location     Type
                  4   25[COMRAM] float 
 Registers used:
		wreg, status,2, status,0, cstack
 Tracked objects:
		On entry : 
		On exit  : 
		Unchanged: 
 Data sizes:     COMRAM   BANK0   BANK1
      Params:         4       0       0
      Locals:         0       0       0
      Temps:          0       0       0
      Totals:         4       0       0
Total ram usage:        4 bytes
 Hardware stack levels used:    1
 Hardware stack levels required when called:    1
 This function calls:
		_TMR1_ReadTimer
		_TMR1_StartTimer
		_TMR1_StopTimer
		_TMR1_WriteTimer
		___fladd
		___fldiv
		___xxtofl
 This function is called by:
		_main
 This function uses a non-reentrant model


 *************** function _Get_Distance_Front *****************
 Defined at:
		line 25 in file "./Hc_Sr05.h"
 Parameters:    Size  Location     Type
		None
 Auto vars:     Size  Location     Type
		None
 Return value:  Size  Location     Type
                  4   25[COMRAM] float 
 Registers used:
		wreg, status,2, status,0, cstack
 Tracked objects:
		On entry : 
		On exit  : 
		Unchanged: 
 Data sizes:     COMRAM   BANK0   BANK1
      Params:         4       0       0
      Locals:         0       0       0
      Temps:          0       0       0
      Totals:         4       0       0
Total ram usage:        4 bytes
 Hardware stack levels used:    1
 Hardware stack levels required when called:    1
 This function calls:
		_TMR1_ReadTimer
		_TMR1_StartTimer
		_TMR1_StopTimer
		_TMR1_WriteTimer
		___fladd
		___fldiv
		___xxtofl
 This function is called by:
		_main
 This function uses a non-reentrant model


 *************** function ___xxtofl *****************
 Defined at:
		line 10 in file "C:\Program Files (x86)\Microchip\xc8\v2.10\pic\sources\c99\common\xxtofl.c"
 Parameters:    Size  Location     Type
  sign            1    wreg     unsigned char 
  val             4    8[COMRAM] long 
 Auto vars:     Size  Location     Type
  sign            1   16[COMRAM] unsigned char 
  arg             4   18[COMRAM] unsigned long 
  exp             1   17[COMRAM] unsigned char 
 Return value:  Size  Location     Type
                  4    8[COMRAM] unsigned char 
 Registers used:
		wreg, status,2, status,0
 Tracked objects:
		On entry : 
		On exit  : 
		Unchanged: 
 Data sizes:     COMRAM   BANK0   BANK1
      Params:         4       0       0
      Locals:         6       0       0
      Temps:          4       0       0
      Totals:        14       0       0
Total ram usage:       14 bytes
 Hardware stack levels used:    1
 This function calls:
		Nothing
 This function is called by:
		_Get_Distance_Front
		_Get_Distance_Rear
 This function uses a non-reentrant model


 *************** function ___fldiv *****************
 Defined at:
		line 11 in file "C:\Program Files (x86)\Microchip\xc8\v2.10\pic\sources\c99\common\sprcdiv.c"
 Parameters:    Size  Location     Type
  b               4    0[COMRAM] unsigned char 
  a               4    4[COMRAM] unsigned char 
 Auto vars:     Size  Location     Type
  grs             4   19[COMRAM] unsigned long 
  rem             4   12[COMRAM] unsigned long 
  new_exp         2   17[COMRAM] short 
  aexp            1   24[COMRAM] unsigned char 
  bexp            1   23[COMRAM] unsigned char 
  sign            1   16[COMRAM] unsigned char 
 Return value:  Size  Location     Type
                  4    0[COMRAM] unsigned char 
 Registers used:
		wreg, status,2, status,0
 Tracked objects:
		On entry : 
		On exit  : 
		Unchanged: 
 Data sizes:     COMRAM   BANK0   BANK1
      Params:         8       0       0
      Locals:        13       0       0
      Temps:          4       0       0
      Totals:        25       0       0
Total ram usage:       25 bytes
 Hardware stack levels used:    1
 This function calls:
		Nothing
 This function is called by:
		_Get_Distance_Front
		_Get_Distance_Rear
 This function uses a non-reentrant model


 *************** function ___fladd *****************
 Defined at:
		line 10 in file "C:\Program Files (x86)\Microchip\xc8\v2.10\pic\sources\c99\common\sprcadd.c"
 Parameters:    Size  Location     Type
  b               4    0[COMRAM] unsigned char 
  a               4    4[COMRAM] unsigned char 
 Auto vars:     Size  Location     Type
  grs             1   15[COMRAM] unsigned char 
  bexp            1   14[COMRAM] unsigned char 
  aexp            1   13[COMRAM] unsigned char 
  signs           1   12[COMRAM] unsigned char 
 Return value:  Size  Location     Type
                  4    0[COMRAM] unsigned char 
 Registers used:
		wreg, status,2, status,0
 Tracked objects:
		On entry : 
		On exit  : 
		Unchanged: 
 Data sizes:     COMRAM   BANK0   BANK1
      Params:         8       0       0
      Locals:         4       0       0
      Temps:          4       0       0
      Totals:        16       0       0
Total ram usage:       16 bytes
 Hardware stack levels used:    1
 This function calls:
		Nothing
 This function is called by:
		_Get_Distance_Front
		_Get_Distance_Rear
 This function uses a non-reentrant model


 *************** function _TMR1_WriteTimer *****************
 Defined at:
		line 114 in file "mcc_generated_files/tmr1.c"
 Parameters:    Size  Location     Type
  timerVal        2    0[COMRAM] unsigned short 
 Auto vars:     Size  Location     Type
		None
 Return value:  Size  Location     Type
                  1    wreg      void 
 Registers used:
		wreg, status,2
 Tracked objects:
		On entry : 
		On exit  : 
		Unchanged: 
 Data sizes:     COMRAM   BANK0   BANK1
      Params:         2       0       0
      Locals:         0       0       0
      Temps:          0       0       0
      Totals:         2       0       0
Total ram usage:        2 bytes
 Hardware stack levels used:    1
 This function calls:
		Nothing
 This function is called by:
		_Get_Distance_Front
		_Get_Distance_Rear
		_TMR1_Reload
 This function uses a non-reentrant model


 *************** function _TMR1_StopTimer *****************
 Defined at:
		line 92 in file "mcc_generated_files/tmr1.c"
 Parameters:    Size  Location     Type
		None
 Auto vars:     Size  Location     Type
		None
 Return value:  Size  Location     Type
                  1    wreg      void 
 Registers used:
		None
 Tracked objects:
		On entry : 
		On exit  : 
		Unchanged: 
 Data sizes:     COMRAM   BANK0   BANK1
      Params:         0       0       0
      Locals:         0       0       0
      Temps:          0       0       0
      Totals:         0       0       0
Total ram usage:        0 bytes
 Hardware stack levels used:    1
 This function calls:
		Nothing
 This function is called by:
		_Get_Distance_Front
		_Get_Distance_Rear
 This function uses a non-reentrant model


 *************** function _TMR1_StartTimer *****************
 Defined at:
		line 86 in file "mcc_generated_files/tmr1.c"
 Parameters:    Size  Location     Type
		None
 Auto vars:     Size  Location     Type
		None
 Return value:  Size  Location     Type
                  1    wreg      void 
 Registers used:
		None
 Tracked objects:
		On entry : 
		On exit  : 
		Unchanged: 
 Data sizes:     COMRAM   BANK0   BANK1
      Params:         0       0       0
      Locals:         0       0       0
      Temps:          0       0       0
      Totals:         0       0       0
Total ram usage:        0 bytes
 Hardware stack levels used:    1
 This function calls:
		Nothing
 This function is called by:
		_Get_Distance_Front
		_Get_Distance_Rear
 This function uses a non-reentrant model


 *************** function _TMR1_ReadTimer *****************
 Defined at:
		line 98 in file "mcc_generated_files/tmr1.c"
 Parameters:    Size  Location     Type
		None
 Auto vars:     Size  Location     Type
  readVal         2    4[COMRAM] unsigned short 
  readValLow      1    7[COMRAM] unsigned char 
  readValHigh     1    6[COMRAM] unsigned char 
 Return value:  Size  Location     Type
                  2    0[COMRAM] unsigned short 
 Registers used:
		wreg, status,2
 Tracked objects:
		On entry : 
		On exit  : 
		Unchanged: 
 Data sizes:     COMRAM   BANK0   BANK1
      Params:         2       0       0
      Locals:         4       0       0
      Temps:          2       0       0
      Totals:         8       0       0
Total ram usage:        8 bytes
 Hardware stack levels used:    1
 This function calls:
		Nothing
 This function is called by:
		_Get_Distance_Front
		_Get_Distance_Rear
 This function uses a non-reentrant model


 *************** function _EUSART1_is_rx_ready *****************
 Defined at:
		line 99 in file "mcc_generated_files/eusart1.c"
 Parameters:    Size  Location     Type
		None
 Auto vars:     Size  Location     Type
		None
 Return value:  Size  Location     Type
                  1    wreg      _Bool 
 Registers used:
		wreg
 Tracked objects:
		On entry : 
		On exit  : 
		Unchanged: 
 Data sizes:     COMRAM   BANK0   BANK1
      Params:         0       0       0
      Locals:         0       0       0
      Temps:          0       0       0
      Totals:         0       0       0
Total ram usage:        0 bytes
 Hardware stack levels used:    1
 This function calls:
		Nothing
 This function is called by:
		_main
 This function uses a non-reentrant model


 *************** function _EUSART1_Read *****************
 Defined at:
		line 113 in file "mcc_generated_files/eusart1.c"
 Parameters:    Size  Location     Type
		None
 Auto vars:     Size  Location     Type
		None
 Return value:  Size  Location     Type
                  1    wreg      unsigned char 
 Registers used:
		wreg, status,2
 Tracked objects:
		On entry : 
		On exit  : 
		Unchanged: 
 Data sizes:     COMRAM   BANK0   BANK1
      Params:         0       0       0
      Locals:         0       0       0
      Temps:          0       0       0
      Totals:         0       0       0
Total ram usage:        0 bytes
 Hardware stack levels used:    1
 This function calls:
		Nothing
 This function is called by:
		_main
		_getch
		__esp8266_waitFor
 This function uses a non-reentrant model


 *************** function _Chair_Position *****************
 Defined at:
		line 116 in file "./Motors.h"
 Parameters:    Size  Location     Type
  Command         2    5[COMRAM] PTR unsigned char 
		 -> STR_19(5), STR_18(8), STR_17(5), STR_16(5), 
		 -> STR_15(5), STR_14(5), STR_13(5), STR_12(5), 
		 -> STR_11(6), STR_10(5), STR_9(5), STR_8(8), 
 Auto vars:     Size  Location     Type
		None
 Return value:  Size  Location     Type
                  2    5[COMRAM] int 
 Registers used:
		wreg, status,2, status,0, tblptrl, tblptrh, tblptru, cstack
 Tracked objects:
		On entry : 
		On exit  : 
		Unchanged: 
 Data sizes:     COMRAM   BANK0   BANK1
      Params:         2       0       0
      Locals:         0       0       0
      Temps:          0       0       0
      Totals:         2       0       0
Total ram usage:        2 bytes
 Hardware stack levels used:    1
 Hardware stack levels required when called:    2
 This function calls:
		_Move_Back
		_Move_Forward
		_Move_Right
		_Move_left
		_Stop
		_strcmp
 This function is called by:
		_main
 This function uses a non-reentrant model


 *************** function _strcmp *****************
 Defined at:
		line 3 in file "C:\Program Files (x86)\Microchip\xc8\v2.10\pic\sources\c99\common\strcmp.c"
 Parameters:    Size  Location     Type
  l               2    0[COMRAM] PTR const unsigned char 
		 -> STR_19(5), STR_18(8), STR_17(5), STR_16(5), 
		 -> STR_15(5), STR_14(5), STR_13(5), STR_12(5), 
		 -> STR_11(6), STR_10(5), STR_9(5), STR_8(8), 
  r               2    2[COMRAM] PTR const unsigned char 
		 -> STR_5(5), STR_4(6), STR_3(5), STR_2(5), 
		 -> STR_1(8), 
 Auto vars:     Size  Location     Type
		None
 Return value:  Size  Location     Type
                  2    0[COMRAM] int 
 Registers used:
		wreg, status,2, status,0, tblptrl, tblptrh, tblptru
 Tracked objects:
		On entry : 
		On exit  : 
		Unchanged: 
 Data sizes:     COMRAM   BANK0   BANK1
      Params:         4       0       0
      Locals:         0       0       0
      Temps:          1       0       0
      Totals:         5       0       0
Total ram usage:        5 bytes
 Hardware stack levels used:    1
 This function calls:
		Nothing
 This function is called by:
		_Chair_Position
 This function uses a non-reentrant model


 *************** function _Stop *****************
 Defined at:
		line 98 in file "./Motors.h"
 Parameters:    Size  Location     Type
		None
 Auto vars:     Size  Location     Type
		None
 Return value:  Size  Location     Type
                  1    wreg      void 
 Registers used:
		cstack
 Tracked objects:
		On entry : 
		On exit  : 
		Unchanged: 
 Data sizes:     COMRAM   BANK0   BANK1
      Params:         0       0       0
      Locals:         0       0       0
      Temps:          0       0       0
      Totals:         0       0       0
Total ram usage:        0 bytes
 Hardware stack levels used:    1
 Hardware stack levels required when called:    1
 This function calls:
		_Leftwheel_Stop
		_Rightwheel_Stop
 This function is called by:
		_Chair_Position
 This function uses a non-reentrant model


 *************** function _Move_left *****************
 Defined at:
		line 82 in file "./Motors.h"
 Parameters:    Size  Location     Type
		None
 Auto vars:     Size  Location     Type
		None
 Return value:  Size  Location     Type
                  1    wreg      void 
 Registers used:
		cstack
 Tracked objects:
		On entry : 
		On exit  : 
		Unchanged: 
 Data sizes:     COMRAM   BANK0   BANK1
      Params:         0       0       0
      Locals:         0       0       0
      Temps:          0       0       0
      Totals:         0       0       0
Total ram usage:        0 bytes
 Hardware stack levels used:    1
 Hardware stack levels required when called:    1
 This function calls:
		_Leftwheel_Forward
		_Rightwheel_Stop
 This function is called by:
		_Chair_Position
 This function uses a non-reentrant model


 *************** function _Rightwheel_Stop *****************
 Defined at:
		line 60 in file "./Motors.h"
 Parameters:    Size  Location     Type
		None
 Auto vars:     Size  Location     Type
		None
 Return value:  Size  Location     Type
                  1    wreg      void 
 Registers used:
		None
 Tracked objects:
		On entry : 
		On exit  : 
		Unchanged: 
 Data sizes:     COMRAM   BANK0   BANK1
      Params:         0       0       0
      Locals:         0       0       0
      Temps:          0       0       0
      Totals:         0       0       0
Total ram usage:        0 bytes
 Hardware stack levels used:    1
 This function calls:
		Nothing
 This function is called by:
		_Move_left
		_Stop
 This function uses a non-reentrant model


 *************** function _Move_Right *****************
 Defined at:
		line 90 in file "./Motors.h"
 Parameters:    Size  Location     Type
		None
 Auto vars:     Size  Location     Type
		None
 Return value:  Size  Location     Type
                  1    wreg      void 
 Registers used:
		cstack
 Tracked objects:
		On entry : 
		On exit  : 
		Unchanged: 
 Data sizes:     COMRAM   BANK0   BANK1
      Params:         0       0       0
      Locals:         0       0       0
      Temps:          0       0       0
      Totals:         0       0       0
Total ram usage:        0 bytes
 Hardware stack levels used:    1
 Hardware stack levels required when called:    1
 This function calls:
		_Leftwheel_Stop
		_Rightwheel_Forward
 This function is called by:
		_Chair_Position
 This function uses a non-reentrant model


 *************** function _Leftwheel_Stop *****************
 Defined at:
		line 53 in file "./Motors.h"
 Parameters:    Size  Location     Type
		None
 Auto vars:     Size  Location     Type
		None
 Return value:  Size  Location     Type
                  1    wreg      void 
 Registers used:
		None
 Tracked objects:
		On entry : 
		On exit  : 
		Unchanged: 
 Data sizes:     COMRAM   BANK0   BANK1
      Params:         0       0       0
      Locals:         0       0       0
      Temps:          0       0       0
      Totals:         0       0       0
Total ram usage:        0 bytes
 Hardware stack levels used:    1
 This function calls:
		Nothing
 This function is called by:
		_Move_Right
		_Stop
 This function uses a non-reentrant model


 *************** function _Move_Forward *****************
 Defined at:
		line 67 in file "./Motors.h"
 Parameters:    Size  Location     Type
		None
 Auto vars:     Size  Location     Type
		None
 Return value:  Size  Location     Type
                  1    wreg      void 
 Registers used:
		cstack
 Tracked objects:
		On entry : 
		On exit  : 
		Unchanged: 
 Data sizes:     COMRAM   BANK0   BANK1
      Params:         0       0       0
      Locals:         0       0       0
      Temps:          0       0       0
      Totals:         0       0       0
Total ram usage:        0 bytes
 Hardware stack levels used:    1
 Hardware stack levels required when called:    1
 This function calls:
		_Leftwheel_Forward
		_Rightwheel_Forward
 This function is called by:
		_Chair_Position
 This function uses a non-reentrant model


 *************** function _Rightwheel_Forward *****************
 Defined at:
		line 28 in file "./Motors.h"
 Parameters:    Size  Location     Type
		None
 Auto vars:     Size  Location     Type
		None
 Return value:  Size  Location     Type
                  1    wreg      void 
 Registers used:
		None
 Tracked objects:
		On entry : 
		On exit  : 
		Unchanged: 
 Data sizes:     COMRAM   BANK0   BANK1
      Params:         0       0       0
      Locals:         0       0       0
      Temps:          0       0       0
      Totals:         0       0       0
Total ram usage:        0 bytes
 Hardware stack levels used:    1
 This function calls:
		Nothing
 This function is called by:
		_Move_Forward
		_Move_Right
 This function uses a non-reentrant model


 *************** function _Leftwheel_Forward *****************
 Defined at:
		line 20 in file "./Motors.h"
 Parameters:    Size  Location     Type
		None
 Auto vars:     Size  Location     Type
		None
 Return value:  Size  Location     Type
                  1    wreg      void 
 Registers used:
		None
 Tracked objects:
		On entry : 
		On exit  : 
		Unchanged: 
 Data sizes:     COMRAM   BANK0   BANK1
      Params:         0       0       0
      Locals:         0       0       0
      Temps:          0       0       0
      Totals:         0       0       0
Total ram usage:        0 bytes
 Hardware stack levels used:    1
 This function calls:
		Nothing
 This function is called by:
		_Move_Forward
		_Move_left
 This function uses a non-reentrant model


 *************** function _Move_Back *****************
 Defined at:
		line 75 in file "./Motors.h"
 Parameters:    Size  Location     Type
		None
 Auto vars:     Size  Location     Type
		None
 Return value:  Size  Location     Type
                  1    wreg      void 
 Registers used:
		cstack
 Tracked objects:
		On entry : 
		On exit  : 
		Unchanged: 
 Data sizes:     COMRAM   BANK0   BANK1
      Params:         0       0       0
      Locals:         0       0       0
      Temps:          0       0       0
      Totals:         0       0       0
Total ram usage:        0 bytes
 Hardware stack levels used:    1
 Hardware stack levels required when called:    1
 This function calls:
		_Leftwheel_Back
		_Rightwheel_Back
 This function is called by:
		_Chair_Position
 This function uses a non-reentrant model


 *************** function _Rightwheel_Back *****************
 Defined at:
		line 45 in file "./Motors.h"
 Parameters:    Size  Location     Type
		None
 Auto vars:     Size  Location     Type
		None
 Return value:  Size  Location     Type
                  1    wreg      void 
 Registers used:
		None
 Tracked objects:
		On entry : 
		On exit  : 
		Unchanged: 
 Data sizes:     COMRAM   BANK0   BANK1
      Params:         0       0       0
      Locals:         0       0       0
      Temps:          0       0       0
      Totals:         0       0       0
Total ram usage:        0 bytes
 Hardware stack levels used:    1
 This function calls:
		Nothing
 This function is called by:
		_Move_Back
 This function uses a non-reentrant model


 *************** function _Leftwheel_Back *****************
 Defined at:
		line 37 in file "./Motors.h"
 Parameters:    Size  Location     Type
		None
 Auto vars:     Size  Location     Type
		None
 Return value:  Size  Location     Type
                  1    wreg      void 
 Registers used:
		None
 Tracked objects:
		On entry : 
		On exit  : 
		Unchanged: 
 Data sizes:     COMRAM   BANK0   BANK1
      Params:         0       0       0
      Locals:         0       0       0
      Temps:          0       0       0
      Totals:         0       0       0
Total ram usage:        0 bytes
 Hardware stack levels used:    1
 This function calls:
		Nothing
 This function is called by:
		_Move_Back
 This function uses a non-reentrant model



MODULE INFORMATION

Module		Function		Class		Link	Load	Size
mcc_generated_files/eusart2.c
		_EUSART2_SetOverrunErrorHandler		CODE           	16F6	0000	11
		_EUSART2_SetErrorHandler		CODE           	170A	0000	11
		_EUSART2_Initialize		CODE           	1580	0000	63
		_EUSART2_SetFramingErrorHandler		CODE           	1700	0000	11

mcc_generated_files/eusart2.c estimated size: 96

C:\Program Files (x86)\Microchip\xc8\v2.10\pic\sources\c99\common\xxtofl.c
		___xxtofl      		CODE           	0D38	0000	437

C:\Program Files (x86)\Microchip\xc8\v2.10\pic\sources\c99\common\xxtofl.c estimated size: 437

./Motors.h
		_Move_left     		CODE           	173C	0000	11
		_Leftwheel_Forward		CODE           	176C	0000	9
		_Leftwheel_Back		CODE           	177C	0000	9
		_Leftwheel_Stop		CODE           	1790	0000	5
		_Rightwheel_Forward		CODE           	1764	0000	9
		_Rightwheel_Back		CODE           	1774	0000	9
		_Rightwheel_Stop		CODE           	178C	0000	5
		_Move_Back     		CODE           	175A	0000	11
		_Move_Right    		CODE           	1746	0000	11
		_Chair_Position		CODE           	11E8	0000	229
		_Stop          		CODE           	1732	0000	11
		_Move_Forward  		CODE           	1750	0000	11

./Motors.h estimated size: 330

C:\Program Files (x86)\Microchip\xc8\v2.10\pic\sources\c99\common\strcmp.c
		_strcmp        		CODE           	1348	0000	121

C:\Program Files (x86)\Microchip\xc8\v2.10\pic\sources\c99\common\strcmp.c estimated size: 121

mcc_generated_files/pin_manager.c
		_PIN_MANAGER_Initialize		CODE           	153A	0000	71

mcc_generated_files/pin_manager.c estimated size: 71

C:\Program Files (x86)\Microchip\xc8\v2.10\pic\sources\c99\common\sprcdiv.c
		___fldiv       		CODE           	06FE	0000	923

C:\Program Files (x86)\Microchip\xc8\v2.10\pic\sources\c99\common\sprcdiv.c estimated size: 923

./LCD.h
		_Lcd_Cmd       		CODE           	164C	0000	33
		_Lcd_SetBit    		CODE           	1488	0000	93
		_Lcd_Start     		CODE           	1426	0000	99
		_Lcd_Set_Cursor		CODE           	13C0	0000	103
		_Lcd_Print_String		CODE           	14E4	0000	87
		_Lcd_Print_Char		CODE           	12CC	0000	125

./LCD.h estimated size: 540

./Hc_Sr05.h
		_Get_Distance_Rear		CODE           	0FF0	0000	253
		_Get_Distance_Front		CODE           	10EC	0000	253

./Hc_Sr05.h estimated size: 506

C:\Program Files (x86)\Microchip\xc8\v2.10\pic\sources\c99\common\flge.c
		___flge        		CODE           	0EEC	0000	261

C:\Program Files (x86)\Microchip\xc8\v2.10\pic\sources\c99\common\flge.c estimated size: 261

shared
		__initialization		CODE           	16A8	0000	13

shared estimated size: 13

mcc_generated_files/eusart1.c
		_EUSART1_is_rx_ready		CODE           	16D4	0000	21
		_EUSART1_Initialize		CODE           	15BE	0000	63
		_EUSART1_SetFramingErrorHandler		CODE           	171E	0000	11
		_EUSART1_Read  		CODE           	1624	0000	41
		_EUSART1_SetOverrunErrorHandler		CODE           	1714	0000	11
		_EUSART1_SetErrorHandler		CODE           	1728	0000	11

mcc_generated_files/eusart1.c estimated size: 158

mcc_generated_files/mcc.c
		_OSCILLATOR_Initialize		CODE           	16E8	0000	15
		_SYSTEM_Initialize		CODE           	16BE	0000	23

mcc_generated_files/mcc.c estimated size: 38

mcc_generated_files/tmr1.c
		_TMR1_Initialize		CODE           	168C	0000	29
		_TMR1_StopTimer		CODE           	1784	0000	5
		_TMR1_WriteTimer		CODE           	15FC	0000	41
		_TMR1_StartTimer		CODE           	1788	0000	5
		_TMR1_ReadTimer		CODE           	166C	0000	33

mcc_generated_files/tmr1.c estimated size: 113

C:\Program Files (x86)\Microchip\xc8\v2.10\pic\sources\c99\common\sprcadd.c
		___fladd       		CODE           	023E	0000	1217

C:\Program Files (x86)\Microchip\xc8\v2.10\pic\sources\c99\common\sprcadd.c estimated size: 1217

main.c
		_main          		CODE           	0A98	0000	673

main.c estimated size: 673

