Microchip MPLAB XC8 Compiler V2.10 ()

Linker command line:

-W-3 --edf=C:\Program Files (x86)\Microchip\xc8\v2.10\pic\dat\en_msgs.txt \
  -cs -h+dist/default/production\Project_Protoype.X.production.sym \
  --cmf=dist/default/production\Project_Protoype.X.production.cmf -z \
  -Q18F43K22 -oC:\Users\JASSKH~1\AppData\Local\Temp\sg4g.2 \
  --defsym=__MPLAB_BUILD=1 \
  -Mdist/default/production/Project_Protoype.X.production.map -E1 -ver=XC8 \
  --acfsm=1493 -ASTACK=0D2h-01FFh -pstack=STACK -ACODE=00h-01FFFh \
  -ACONST=00h-01FFFh -ASMALLCONST=0200h-02FFhx30 -AMEDIUMCONST=0200h-01FFFh \
  -ACOMRAM=01h-05Fh -AABS1=00h-01FFh -ABIGRAM=01h-01FFh \
  -ARAM=060h-0FFh,0100h-01FFh -ABANK0=060h-0FFh -ABANK1=0100h-01FFh \
  -ASFR=0F38h-0F5Fh,0F60h-0FFFh \
  -preset_vec=00h,intcode,intcodelo,powerup,init -pramtop=0200h \
  -psmallconst=SMALLCONST -pmediumconst=MEDIUMCONST -pconst=CONST \
  -AFARRAM=00h-00h -ACONFIG=0300000h-030000Dh -pconfig=CONFIG \
  -AIDLOC=0200000h-0200007h -pidloc=IDLOC -AEEDATA=0F00000h-0F000FFh \
  -peeprom_data=EEDATA \
  -prdata=COMRAM,nvrram=COMRAM,nvbit=COMRAM,rbss=COMRAM,rbit=COMRAM \
  -pfarbss=FARRAM,fardata=FARRAM,nvFARRAM=FARRAM \
  -pintsave_regs=BIGRAM,bigbss=BIGRAM,bigdata=BIGRAM -pbss=RAM \
  -pidata=CODE,irdata=CODE,ibigdata=CODE,ifardata=CODE -prparam=COMRAM \
  C:\Users\JASSKH~1\AppData\Local\Temp\sg4g.o \
  dist/default/production\Project_Protoype.X.production.o 

Object code version is 3.11

Machine type is 18F43K22

Call graph: (short form)




                Name                               Link     Load   Length Selector   Space Scale
C:\Users\JASSKH~1\AppData\Local\Temp\sg4g.o
                init                                  0        0        4        0       0
                idloc                            200000   200000        8   200000       0
                config                           300000   300000        E   300000       0
dist/default/production\Project_Protoype.X.production.o
                mediumconst                        1EAC     1EAC      154      F56       0
                text32                             1074     1074        A      83A       0
                text31                             107E     107E        A      83F       0
                text30                             1088     1088        A      844       0
                text29                             11B6     11B6       40      8DB       0
                text28                             1092     1092        A      849       0
                text27                             109C     109C        A      84E       0
                text26                             10A6     10A6        A      853       0
                text25                             11F6     11F6       40      8FB       0
                text24                             10C6     10C6        E      863       0
                text23                             12BC     12BC       46      95E       0
                text22                             1112     1112       1C      889       0
                text21                             10E6     10E6       16      873       0
                text20                             10FC     10FC       16      87E       0
                text19                             13A2     13A2       5E      9D1       0
                text18                             1156     1156       2A      8AB       0
                text17                             18F6     18F6      10A      C7B       0
                text16                             1236     1236       42      91B       0
                text15                             10D4     10D4       12      86A       0
                text14                             112E     112E       28      897       0
                text13                             1806     1806       F0      C03       0
                text12                             1736     1736       D0      B9B       0
                text11                             10B0     10B0        A      858       0
                text10                             166C     166C       CA      B36       0
                text9                              1278     1278       44      93C       0
                text8                              1302     1302       4E      981       0
                text7                              15A6     15A6       C6      AD3       0
                text6                              1CAA     1CAA      202      E55       0
                text5                              1B18     1B18      192      D8C       0
                text4                              1400     1400       62      A00       0
                text3                              1350     1350       52      9A8       0
                text2                              1462     1462       86      A31       0
                text1                              14E8     14E8       BE      A74       0
                text0                              1A00     1A00      118      D00       0
                cstackCOMRAM                          1        1       5F        1       1
                cstackBANK0                          A3       A3       15       60       1
                dataBANK0                            C6       C6        C       60       1
                bssBANK0                             60       60       43       60       1
                cinit                              1180     1180       36      8C0       0
                nvBANK0                              B8       B8        E       60       1
                idataBANK0                         10BA     10BA        C     10BA       0

TOTAL           Name                               Link     Load   Length     Space
        CLASS   STACK          

        CLASS   CODE           
                init                                  0        0        4         0
                text32                             1074     1074        A         0
                text31                             107E     107E        A         0
                text30                             1088     1088        A         0
                text29                             11B6     11B6       40         0
                text28                             1092     1092        A         0
                text27                             109C     109C        A         0
                text26                             10A6     10A6        A         0
                text25                             11F6     11F6       40         0
                text24                             10C6     10C6        E         0
                text23                             12BC     12BC       46         0
                text22                             1112     1112       1C         0
                text21                             10E6     10E6       16         0
                text20                             10FC     10FC       16         0
                text19                             13A2     13A2       5E         0
                text18                             1156     1156       2A         0
                text17                             18F6     18F6      10A         0
                text16                             1236     1236       42         0
                text15                             10D4     10D4       12         0
                text14                             112E     112E       28         0
                text13                             1806     1806       F0         0
                text12                             1736     1736       D0         0
                text11                             10B0     10B0        A         0
                text10                             166C     166C       CA         0
                text9                              1278     1278       44         0
                text8                              1302     1302       4E         0
                text7                              15A6     15A6       C6         0
                text6                              1CAA     1CAA      202         0
                text5                              1B18     1B18      192         0
                text4                              1400     1400       62         0
                text3                              1350     1350       52         0
                text2                              1462     1462       86         0
                text1                              14E8     14E8       BE         0
                text0                              1A00     1A00      118         0
                cinit                              1180     1180       36         0
                idataBANK0                         10BA     10BA        C         0

        CLASS   CONST          

        CLASS   SMALLCONST     

        CLASS   MEDIUMCONST    
                mediumconst                        1EAC     1EAC      154         0

        CLASS   COMRAM         
                cstackCOMRAM                          1        1       5F         1

        CLASS   ABS1           

        CLASS   BIGRAM         

        CLASS   RAM            

        CLASS   BANK0          
                cstackBANK0                          A3       A3       15         1
                dataBANK0                            C6       C6        C         1
                bssBANK0                             60       60       43         1
                nvBANK0                              B8       B8        E         1

        CLASS   BANK1          

        CLASS   SFR            

        CLASS   FARRAM         

        CLASS   CONFIG         
                config                           300000   300000        E         0

        CLASS   IDLOC          
                idloc                            200000   200000        8         0

        CLASS   EEDATA         



SEGMENTS        Name                           Load    Length   Top    Selector   Space  Class

                reset_vec                      000000  000004  000004         0       0  CODE    
                cstackCOMRAM                   000001  00005F  000060         1       1  COMRAM  
                bssBANK0                       000060  000072  0000D2        60       1  BANK0   
                text32                         001074  00000A  00107E       83A       0  CODE    
                text31                         00107E  00000A  001088       83F       0  CODE    
                text30                         001088  00000A  001092       844       0  CODE    
                text28                         001092  00000A  00109C       849       0  CODE    
                text27                         00109C  00000A  0010A6       84E       0  CODE    
                text26                         0010A6  00000A  0010B0       853       0  CODE    
                text11                         0010B0  00000A  0010BA       858       0  CODE    
                idataBANK0                     0010BA  00000C  0010C6      10BA       0  CODE    
                text24                         0010C6  00000E  0010D4       863       0  CODE    
                text15                         0010D4  000012  0010E6       86A       0  CODE    
                text21                         0010E6  000016  0010FC       873       0  CODE    
                text20                         0010FC  000016  001112       87E       0  CODE    
                text22                         001112  00001C  00112E       889       0  CODE    
                text14                         00112E  000028  001156       897       0  CODE    
                text18                         001156  00002A  001180       8AB       0  CODE    
                cinit                          001180  000036  0011B6       8C0       0  CODE    
                text29                         0011B6  000040  0011F6       8DB       0  CODE    
                text25                         0011F6  000040  001236       8FB       0  CODE    
                text16                         001236  000042  001278       91B       0  CODE    
                text9                          001278  000044  0012BC       93C       0  CODE    
                text23                         0012BC  000046  001302       95E       0  CODE    
                text8                          001302  00004E  001350       981       0  CODE    
                text3                          001350  000052  0013A2       9A8       0  CODE    
                text19                         0013A2  00005E  001400       9D1       0  CODE    
                text4                          001400  000062  001462       A00       0  CODE    
                text2                          001462  000086  0014E8       A31       0  CODE    
                text1                          0014E8  0000BE  0015A6       A74       0  CODE    
                text7                          0015A6  0000C6  00166C       AD3       0  CODE    
                text10                         00166C  0000CA  001736       B36       0  CODE    
                text12                         001736  0000D0  001806       B9B       0  CODE    
                text13                         001806  0000F0  0018F6       C03       0  CODE    
                text17                         0018F6  00010A  001A00       C7B       0  CODE    
                text0                          001A00  000118  001B18       D00       0  CODE    
                text5                          001B18  000192  001CAA       D8C       0  CODE    
                text6                          001CAA  000202  001EAC       E55       0  CODE    
                mediumconst                    001EAC  000154  002000       F56       0  MEDIUMCO
                idloc                          200000  000008  200008    200000       0  IDLOC   
                config                         300000  00000E  30000E    300000       0  CONFIG  


UNUSED ADDRESS RANGES

        Name                Unused          Largest block    Delta
        BANK0            0000D2-0000FF               2E
        BANK1            000100-0001FF              100
        BIGRAM           0000D2-0001FF              12E
        CODE             000004-001073             1070
        CONST            000004-001073             1070
        EEDATA           F00000-F000FF              100
        MEDIUMCONST      000200-001073              E74
        RAM              0000D2-0001FF               2E
        SFR              000F38-000FFF               28
        SMALLCONST       000200-001073              100
        STACK            0000D2-0001FF              12E

                                  Symbol Table

?___lodiv                                       cstackCOMRAM 000001
?___lomod                                       cstackCOMRAM 000001
?_pad                                           cstackCOMRAM 000013
?_sprintf                                       cstackCOMRAM 000058
?_strlen                                        cstackCOMRAM 000001
?_utoa                                          cstackCOMRAM 00001E
?_vfpfcnvrt                                     cstackCOMRAM 00003E
?_vfprintf                                      cstackCOMRAM 000050
EUSART1_SetErrorHandler@interruptHandler        cstackCOMRAM 000001
EUSART1_SetFramingErrorHandler@interruptHandler cstackCOMRAM 000001
EUSART1_SetOverrunErrorHandler@interruptHandler cstackCOMRAM 000001
EUSART1_Write@txData                            cstackCOMRAM 000001
EUSART2_SetErrorHandler@interruptHandler        cstackCOMRAM 000001
EUSART2_SetFramingErrorHandler@interruptHandler cstackCOMRAM 000001
EUSART2_SetOverrunErrorHandler@interruptHandler cstackCOMRAM 000001
_ANSELA                                         (abs)        000F38
_ANSELB                                         (abs)        000F39
_ANSELC                                         (abs)        000F3A
_ANSELD                                         (abs)        000F3B
_ANSELE                                         (abs)        000F3C
_BAUDCON1                                       (abs)        000FB8
_BAUDCON2                                       (abs)        000F70
_Distance                                       bssBANK0     000071
_EUSART1_DefaultErrorHandler                    (abs)        000000
_EUSART1_DefaultFramingErrorHandler             (abs)        000000
_EUSART1_DefaultOverrunErrorHandler             (abs)        000000
_EUSART1_ErrorHandler                           nvBANK0      0000C0
_EUSART1_FramingErrorHandler                    nvBANK0      0000C4
_EUSART1_Initialize                             text29       0011B6
_EUSART1_OverrunErrorHandler                    nvBANK0      0000C2
_EUSART1_Read                                   text18       001156
_EUSART1_SetErrorHandler                        text32       001074
_EUSART1_SetFramingErrorHandler                 text31       00107E
_EUSART1_SetOverrunErrorHandler                 text30       001088
_EUSART1_Write                                  text20       0010FC
_EUSART2_DefaultErrorHandler                    (abs)        000000
_EUSART2_DefaultFramingErrorHandler             (abs)        000000
_EUSART2_DefaultOverrunErrorHandler             (abs)        000000
_EUSART2_ErrorHandler                           nvBANK0      0000B8
_EUSART2_FramingErrorHandler                    nvBANK0      0000BC
_EUSART2_Initialize                             text25       0011F6
_EUSART2_OverrunErrorHandler                    nvBANK0      0000BA
_EUSART2_SetErrorHandler                        text28       001092
_EUSART2_SetFramingErrorHandler                 text27       00109C
_EUSART2_SetOverrunErrorHandler                 text26       0010A6
_INTCON2bits                                    (abs)        000FF1
_INTCONbits                                     (abs)        000FF2
_LATA                                           (abs)        000F89
_LATAbits                                       (abs)        000F89
_LATB                                           (abs)        000F8A
_LATBbits                                       (abs)        000F8A
_LATC                                           (abs)        000F8B
_LATD                                           (abs)        000F8C
_LATDbits                                       (abs)        000F8C
_LATE                                           (abs)        000F8D
_LATEbits                                       (abs)        000F8D
_OSCCON                                         (abs)        000FD3
_OSCCON2                                        (abs)        000FD2
_OSCILLATOR_Initialize                          text24       0010C6
_OSCTUNE                                        (abs)        000F9B
_PIN_MANAGER_Initialize                         text23       0012BC
_PIR1bits                                       (abs)        000F9E
_PIR3bits                                       (abs)        000FA4
_PORTBbits                                      (abs)        000F81
_PORTDbits                                      (abs)        000F83
_RCREG1                                         (abs)        000FAE
_RCREG2                                         (abs)        000F74
_RCSTA1                                         (abs)        000FAB
_RCSTA1bits                                     (abs)        000FAB
_RCSTA2                                         (abs)        000F71
_RCSTA2bits                                     (abs)        000F71
_SPBRG1                                         (abs)        000FAF
_SPBRG2                                         (abs)        000F75
_SPBRGH1                                        (abs)        000FB0
_SPBRGH2                                        (abs)        000F76
_SYSTEM_Initialize                              text21       0010E6
_T1CON                                          (abs)        000FCD
_T1CONbits                                      (abs)        000FCD
_T1GCON                                         (abs)        000FCC
_T1GCONbits                                     (abs)        000FCC
_TMR1                                           (abs)        000FCE
_TMR1H                                          (abs)        000FCF
_TMR1L                                          (abs)        000FCE
_TMR1_Initialize                                text22       001112
_TRISA                                          (abs)        000F92
_TRISB                                          (abs)        000F93
_TRISC                                          (abs)        000F94
_TRISD                                          (abs)        000F95
_TRISE                                          (abs)        000F96
_TXREG1                                         (abs)        000FAD
_TXREG2                                         (abs)        000F73
_TXSTA1                                         (abs)        000FAC
_TXSTA1bits                                     (abs)        000FAC
_TXSTA2                                         (abs)        000F72
_TXSTA2bits                                     (abs)        000F72
_Time                                           bssBANK0     000075
_WPUB                                           (abs)        000F61
__CFG_BOREN$OFF                                 (abs)        000000
__CFG_BORV$190                                  (abs)        000000
__CFG_CCP2MX$PORTC1                             (abs)        000000
__CFG_CCP3MX$PORTB5                             (abs)        000000
__CFG_CP0$OFF                                   (abs)        000000
__CFG_CP1$OFF                                   (abs)        000000
__CFG_CPB$OFF                                   (abs)        000000
__CFG_CPD$OFF                                   (abs)        000000
__CFG_DEBUG$OFF                                 (abs)        000000
__CFG_EBTR0$OFF                                 (abs)        000000
__CFG_EBTR1$OFF                                 (abs)        000000
__CFG_EBTRB$OFF                                 (abs)        000000
__CFG_FCMEN$OFF                                 (abs)        000000
__CFG_FOSC$INTIO67                              (abs)        000000
__CFG_HFOFST$ON                                 (abs)        000000
__CFG_IESO$OFF                                  (abs)        000000
__CFG_LVP$OFF                                   (abs)        000000
__CFG_MCLRE$INTMCLR                             (abs)        000000
__CFG_P2BMX$PORTD2                              (abs)        000000
__CFG_PBADEN$ON                                 (abs)        000000
__CFG_PLLCFG$OFF                                (abs)        000000
__CFG_PRICLKEN$ON                               (abs)        000000
__CFG_PWRTEN$OFF                                (abs)        000000
__CFG_STVREN$ON                                 (abs)        000000
__CFG_T3CMX$PORTC0                              (abs)        000000
__CFG_WDTEN$OFF                                 (abs)        000000
__CFG_WDTPS$32768                               (abs)        000000
__CFG_WRT0$OFF                                  (abs)        000000
__CFG_WRT1$OFF                                  (abs)        000000
__CFG_WRTB$OFF                                  (abs)        000000
__CFG_WRTC$OFF                                  (abs)        000000
__CFG_WRTD$OFF                                  (abs)        000000
__CFG_XINST$OFF                                 (abs)        000000
__HRAM                                          (abs)        000000
__Habs1                                         abs1         000000
__Hbank0                                        bank0        000000
__Hbank1                                        bank1        000000
__Hbigbss                                       bigbss       000000
__Hbigdata                                      bigdata      000000
__Hbigram                                       bigram       000000
__Hbss                                          bss          000000
__HbssBANK0                                     bssBANK0     000000
__Hcinit                                        cinit        000000
__Hclrtext                                      clrtext      000000
__Hcomram                                       comram       000000
__Hconfig                                       config       30000E
__Hconst                                        const        000000
__HcstackBANK0                                  cstackBANK0  000000
__HcstackCOMRAM                                 cstackCOMRAM 000000
__Hdata                                         data         000000
__HdataBANK0                                    dataBANK0    000000
__Heeprom_data                                  eeprom_data  000000
__Hfarbss                                       farbss       000000
__Hfardata                                      fardata      000000
__Hibigdata                                     ibigdata     000000
__Hidata                                        idata        000000
__HidataBANK0                                   idataBANK0   000000
__Hidloc                                        idloc        200008
__Hifardata                                     ifardata     000000
__Hinit                                         init         000004
__Hintcode                                      intcode      000000
__Hintcode_body                                 intcode_body 000000
__Hintcodelo                                    intcodelo    000000
__Hintentry                                     intentry     000000
__Hintret                                       intret       000000
__Hintsave_regs                                 intsave_regs 000000
__Hirdata                                       irdata       000000
__Hmediumconst                                  mediumconst  002000
__HnvBANK0                                      nvBANK0      000000
__HnvFARRAM                                     nvFARRAM     000000
__Hnvbit                                        nvbit        000000
__Hnvrram                                       nvrram       000000
__Hparam                                        rparam       000000
__Hpowerup                                      powerup      000000
__Hram                                          ram          000000
__Hramtop                                       ramtop       000200
__Hrbit                                         rbit         000000
__Hrbss                                         rbss         000000
__Hrdata                                        rdata        000000
__Hreset_vec                                    reset_vec    000000
__Hrparam                                       rparam       000000
__Hsfr                                          sfr          000000
__Hsmallconst                                   smallconst   000000
__Hspace_0                                      (abs)        30000E
__Hspace_1                                      (abs)        0000D2
__Hspace_2                                      (abs)        000000
__Hstack                                        stack        000000
__Hstruct                                       struct       000000
__Htemp                                         temp         000000
__Htext                                         text         000000
__Htext0                                        text0        000000
__Htext1                                        text1        000000
__Htext10                                       text10       000000
__Htext11                                       text11       000000
__Htext12                                       text12       000000
__Htext13                                       text13       000000
__Htext14                                       text14       000000
__Htext15                                       text15       000000
__Htext16                                       text16       000000
__Htext17                                       text17       000000
__Htext18                                       text18       000000
__Htext19                                       text19       000000
__Htext2                                        text2        000000
__Htext20                                       text20       000000
__Htext21                                       text21       000000
__Htext22                                       text22       000000
__Htext23                                       text23       000000
__Htext24                                       text24       000000
__Htext25                                       text25       000000
__Htext26                                       text26       000000
__Htext27                                       text27       000000
__Htext28                                       text28       000000
__Htext29                                       text29       000000
__Htext3                                        text3        000000
__Htext30                                       text30       000000
__Htext31                                       text31       000000
__Htext32                                       text32       000000
__Htext4                                        text4        000000
__Htext5                                        text5        000000
__Htext6                                        text6        000000
__Htext7                                        text7        000000
__Htext8                                        text8        000000
__Htext9                                        text9        000000
__LRAM                                          (abs)        000001
__Labs1                                         abs1         000000
__Lbank0                                        bank0        000000
__Lbank1                                        bank1        000000
__Lbigbss                                       bigbss       000000
__Lbigdata                                      bigdata      000000
__Lbigram                                       bigram       000000
__Lbss                                          bss          000000
__LbssBANK0                                     bssBANK0     000000
__Lcinit                                        cinit        000000
__Lclrtext                                      clrtext      000000
__Lcomram                                       comram       000000
__Lconfig                                       config       300000
__Lconst                                        const        000000
__LcstackBANK0                                  cstackBANK0  000000
__LcstackCOMRAM                                 cstackCOMRAM 000000
__Ldata                                         data         000000
__LdataBANK0                                    dataBANK0    000000
__Leeprom_data                                  eeprom_data  000000
__Lfarbss                                       farbss       000000
__Lfardata                                      fardata      000000
__Libigdata                                     ibigdata     000000
__Lidata                                        idata        000000
__LidataBANK0                                   idataBANK0   000000
__Lidloc                                        idloc        200000
__Lifardata                                     ifardata     000000
__Linit                                         init         000000
__Lintcode                                      intcode      000000
__Lintcode_body                                 intcode_body 000000
__Lintcodelo                                    intcodelo    000000
__Lintentry                                     intentry     000000
__Lintret                                       intret       000000
__Lintsave_regs                                 intsave_regs 000000
__Lirdata                                       irdata       000000
__Lmediumconst                                  mediumconst  001EAC
__LnvBANK0                                      nvBANK0      000000
__LnvFARRAM                                     nvFARRAM     000000
__Lnvbit                                        nvbit        000000
__Lnvrram                                       nvrram       000000
__Lparam                                        rparam       000000
__Lpowerup                                      powerup      000000
__Lram                                          ram          000000
__Lramtop                                       ramtop       000200
__Lrbit                                         rbit         000000
__Lrbss                                         rbss         000000
__Lrdata                                        rdata        000000
__Lreset_vec                                    reset_vec    000000
__Lrparam                                       rparam       000000
__Lsfr                                          sfr          000000
__Lsmallconst                                   smallconst   000000
__Lspace_0                                      (abs)        000000
__Lspace_1                                      (abs)        000000
__Lspace_2                                      (abs)        000000
__Lstack                                        stack        000000
__Lstruct                                       struct       000000
__Ltemp                                         temp         000000
__Ltext                                         text         000000
__Ltext0                                        text0        000000
__Ltext1                                        text1        000000
__Ltext10                                       text10       000000
__Ltext11                                       text11       000000
__Ltext12                                       text12       000000
__Ltext13                                       text13       000000
__Ltext14                                       text14       000000
__Ltext15                                       text15       000000
__Ltext16                                       text16       000000
__Ltext17                                       text17       000000
__Ltext18                                       text18       000000
__Ltext19                                       text19       000000
__Ltext2                                        text2        000000
__Ltext20                                       text20       000000
__Ltext21                                       text21       000000
__Ltext22                                       text22       000000
__Ltext23                                       text23       000000
__Ltext24                                       text24       000000
__Ltext25                                       text25       000000
__Ltext26                                       text26       000000
__Ltext27                                       text27       000000
__Ltext28                                       text28       000000
__Ltext29                                       text29       000000
__Ltext3                                        text3        000000
__Ltext30                                       text30       000000
__Ltext31                                       text31       000000
__Ltext32                                       text32       000000
__Ltext4                                        text4        000000
__Ltext5                                        text5        000000
__Ltext6                                        text6        000000
__Ltext7                                        text7        000000
__Ltext8                                        text8        000000
__Ltext9                                        text9        000000
__S0                                            (abs)        30000E
__S1                                            (abs)        0000D2
__S2                                            (abs)        000000
___inthi_sp                                     stack        000000
___intlo_sp                                     stack        000000
___lodiv                                        text13       001806
___lodiv@counter                                cstackCOMRAM 000019
___lodiv@dividend                               cstackCOMRAM 000001
___lodiv@divisor                                cstackCOMRAM 000009
___lodiv@quotient                               cstackCOMRAM 000011
___lomod                                        text12       001736
___lomod@counter                                cstackCOMRAM 000011
___lomod@dividend                               cstackCOMRAM 000001
___lomod@divisor                                cstackCOMRAM 000009
___param_bank                                   (abs)        000000
___rparam_used                                  (abs)        000001
___sp                                           stack        000000
__accesstop                                     (abs)        000060
__activetblptr                                  (abs)        000002
__end_of_EUSART1_Initialize                     text29       0011F6
__end_of_EUSART1_Read                           text18       001180
__end_of_EUSART1_SetErrorHandler                text32       00107E
__end_of_EUSART1_SetFramingErrorHandler         text31       001088
__end_of_EUSART1_SetOverrunErrorHandler         text30       001092
__end_of_EUSART1_Write                          text20       001112
__end_of_EUSART2_Initialize                     text25       001236
__end_of_EUSART2_SetErrorHandler                text28       00109C
__end_of_EUSART2_SetFramingErrorHandler         text27       0010A6
__end_of_EUSART2_SetOverrunErrorHandler         text26       0010B0
__end_of_OSCILLATOR_Initialize                  text24       0010D4
__end_of_PIN_MANAGER_Initialize                 text23       001302
__end_of_SYSTEM_Initialize                      text21       0010FC
__end_of_TMR1_Initialize                        text22       00112E
__end_of___lodiv                                text13       0018F6
__end_of___lomod                                text12       001806
__end_of__esp8266_print                         text19       001400
__end_of__esp8266_waitResponse                  text17       001A00
__end_of__esp8266_waitResponse@lengths          mediumconst  001EB9
__end_of__esp8266_waitResponse@responses        mediumconst  001EB3
__end_of__initialization                        cinit        0011AC
__end_of_esp8266_connect                        text16       001278
__end_of_esp8266_isStarted                      text15       0010E6
__end_of_esp8266_mode                           text14       001156
__end_of_esp8266_send                           text2        0014E8
__end_of_esp8266_start                          text1        0015A6
__end_of_fputc                                  text10       001736
__end_of_fputs                                  text9        0012BC
__end_of_main                                   text0        001B18
__end_of_pad                                    text7        00166C
__end_of_putch                                  text11       0010BA
__end_of_sprintf                                text3        0013A2
__end_of_strlen                                 text8        001350
__end_of_utoa                                   text6        001EAC
__end_of_vfpfcnvrt                              text5        001CAA
__end_of_vfprintf                               text4        001462
__esp8266_print                                 text19       0013A2
__esp8266_print@ptr                             cstackCOMRAM 000002
__esp8266_waitResponse                          text17       0018F6
__esp8266_waitResponse@F6573                    dataBANK0    0000C6
__esp8266_waitResponse@continue_loop            cstackCOMRAM 000018
__esp8266_waitResponse@i                        cstackCOMRAM 000019
__esp8266_waitResponse@lengths                  mediumconst  001EB3
__esp8266_waitResponse@received                 cstackCOMRAM 000016
__esp8266_waitResponse@response                 cstackCOMRAM 000017
__esp8266_waitResponse@responses                mediumconst  001EAD
__esp8266_waitResponse@so_far                   cstackCOMRAM 000010
__esp8266_waitResponse@strings                  cstackCOMRAM 000004
__initialization                                cinit        001180
__mediumconst                                   mediumconst  001EAC
__pbssBANK0                                     bssBANK0     000060
__pcinit                                        cinit        001180
__pcstackBANK0                                  cstackBANK0  0000A3
__pcstackCOMRAM                                 cstackCOMRAM 000001
__pdataBANK0                                    dataBANK0    0000C6
__pidataBANK0                                   idataBANK0   0010BA
__pmediumconst                                  mediumconst  001EAC
__pnvBANK0                                      nvBANK0      0000B8
__ptext0                                        text0        001A00
__ptext1                                        text1        0014E8
__ptext10                                       text10       00166C
__ptext11                                       text11       0010B0
__ptext12                                       text12       001736
__ptext13                                       text13       001806
__ptext14                                       text14       00112E
__ptext15                                       text15       0010D4
__ptext16                                       text16       001236
__ptext17                                       text17       0018F6
__ptext18                                       text18       001156
__ptext19                                       text19       0013A2
__ptext2                                        text2        001462
__ptext20                                       text20       0010FC
__ptext21                                       text21       0010E6
__ptext22                                       text22       001112
__ptext23                                       text23       0012BC
__ptext24                                       text24       0010C6
__ptext25                                       text25       0011F6
__ptext26                                       text26       0010A6
__ptext27                                       text27       00109C
__ptext28                                       text28       001092
__ptext29                                       text29       0011B6
__ptext3                                        text3        001350
__ptext30                                       text30       001088
__ptext31                                       text31       00107E
__ptext32                                       text32       001074
__ptext4                                        text4        001400
__ptext5                                        text5        001B18
__ptext6                                        text6        001CAA
__ptext7                                        text7        0015A6
__ptext8                                        text8        001302
__ptext9                                        text9        001278
__ramtop                                        ramtop       000200
__size_of_EUSART1_Initialize                    (abs)        000000
__size_of_EUSART1_Read                          (abs)        000000
__size_of_EUSART1_SetErrorHandler               (abs)        000000
__size_of_EUSART1_SetFramingErrorHandler        (abs)        000000
__size_of_EUSART1_SetOverrunErrorHandler        (abs)        000000
__size_of_EUSART1_Write                         (abs)        000000
__size_of_EUSART2_Initialize                    (abs)        000000
__size_of_EUSART2_SetErrorHandler               (abs)        000000
__size_of_EUSART2_SetFramingErrorHandler        (abs)        000000
__size_of_EUSART2_SetOverrunErrorHandler        (abs)        000000
__size_of_OSCILLATOR_Initialize                 (abs)        000000
__size_of_PIN_MANAGER_Initialize                (abs)        000000
__size_of_SYSTEM_Initialize                     (abs)        000000
__size_of_TMR1_Initialize                       (abs)        000000
__size_of___lodiv                               (abs)        000000
__size_of___lomod                               (abs)        000000
__size_of__esp8266_print                        (abs)        000000
__size_of__esp8266_waitResponse                 (abs)        000000
__size_of_esp8266_connect                       (abs)        000000
__size_of_esp8266_isStarted                     (abs)        000000
__size_of_esp8266_mode                          (abs)        000000
__size_of_esp8266_send                          (abs)        000000
__size_of_esp8266_start                         (abs)        000000
__size_of_fputc                                 (abs)        000000
__size_of_fputs                                 (abs)        000000
__size_of_main                                  (abs)        000000
__size_of_pad                                   (abs)        000000
__size_of_putch                                 (abs)        000000
__size_of_sprintf                               (abs)        000000
__size_of_strlen                                (abs)        000000
__size_of_utoa                                  (abs)        000000
__size_of_vfpfcnvrt                             (abs)        000000
__size_of_vfprintf                              (abs)        000000
__smallconst                                    smallconst   000000
_dbuf                                           bssBANK0     000083
_esp8266_connect                                text16       001236
_esp8266_isStarted                              text15       0010D4
_esp8266_mode                                   text14       00112E
_esp8266_send                                   text2        001462
_esp8266_send$2273                              cstackBANK0  0000B3
_esp8266_start                                  text1        0014E8
_eusart1RxLastError                             bssBANK0     000082
_eusart2RxLastError                             bssBANK0     000081
_flags                                          bssBANK0     00007F
_fputc                                          text10       00166C
_fputs                                          text9        001278
_main                                           text0        001A00
_nout                                           bssBANK0     000079
_pad                                            text7        0015A6
_prec                                           bssBANK0     00007D
_putch                                          text11       0010B0
_sprintf                                        text3        001350
_strlen                                         text8        001302
_timer1ReloadVal                                nvBANK0      0000BE
_utoa                                           text6        001CAA
_vfpfcnvrt                                      text5        001B18
_vfprintf                                       text4        001400
_width                                          bssBANK0     00007B
end_of_initialization                           cinit        0011AC
esp8266_connect@pass                            cstackCOMRAM 00001C
esp8266_connect@ssid                            cstackCOMRAM 00001A
esp8266_mode@mode                               cstackCOMRAM 00001A
esp8266_send@data                               cstackCOMRAM 00005E
esp8266_send@length_str                         cstackBANK0  0000AD
esp8266_start@ip                                cstackBANK0  0000AD
esp8266_start@port                              cstackBANK0  0000AF
esp8266_start@port_str                          cstackBANK0  0000B0
esp8266_start@protocol                          cstackBANK0  0000B5
fputc@c                                         cstackCOMRAM 000003
fputc@fp                                        cstackCOMRAM 000005
fputs@c                                         cstackCOMRAM 000010
fputs@fp                                        cstackCOMRAM 00000E
fputs@i                                         cstackCOMRAM 000011
fputs@s                                         cstackCOMRAM 00000C
intlevel0                                       text         000000
intlevel1                                       text         000000
intlevel2                                       text         000000
intlevel3                                       text         000000
pad@buf                                         cstackCOMRAM 000015
pad@fp                                          cstackCOMRAM 000013
pad@i                                           cstackCOMRAM 00001A
pad@p                                           cstackCOMRAM 000017
pad@w                                           cstackCOMRAM 00001C
putch@txData                                    cstackCOMRAM 000002
sprintf@ap                                      cstackBANK0  0000A5
sprintf@f                                       cstackBANK0  0000A7
sprintf@fmt                                     cstackCOMRAM 00005A
sprintf@s                                       cstackCOMRAM 000058
stackhi                                         (abs)        0001FF
stacklo                                         (abs)        0000D2
start                                           init         000000
start_initialization                            cinit        001180
strlen@a                                        cstackCOMRAM 000003
strlen@s                                        cstackCOMRAM 000001
utoa@d                                          cstackCOMRAM 000020
utoa@fp                                         cstackCOMRAM 00001E
utoa@i                                          cstackCOMRAM 00003C
utoa@n                                          cstackCOMRAM 000034
utoa@p                                          cstackCOMRAM 000030
utoa@w                                          cstackCOMRAM 000032
vfpfcnvrt@ap                                    cstackCOMRAM 000042
vfpfcnvrt@fmt                                   cstackCOMRAM 000040
vfpfcnvrt@fp                                    cstackCOMRAM 00003E
vfpfcnvrt@llu                                   cstackCOMRAM 000048
vfprintf@ap                                     cstackCOMRAM 000054
vfprintf@cfmt                                   cstackCOMRAM 000056
vfprintf@fmt                                    cstackCOMRAM 000052
vfprintf@fp                                     cstackCOMRAM 000050


FUNCTION INFORMATION:

 *************** function _main *****************
 Defined at:
		line 18 in file "main.c"
 Parameters:    Size  Location     Type
		None
 Auto vars:     Size  Location     Type
  rec           100    0        unsigned char [100]
  Time            4    0        float 
  Distance        4    0        float 
  Direction       1    0        unsigned char 
 Return value:  Size  Location     Type
                  1    wreg      void 
 Registers used:
		wreg, fsr0l, fsr0h, fsr1l, fsr1h, fsr2l, fsr2h, status,2, status,0, tblptrl, tblptrh, tblptru, prodl, prodh, cstack
 Tracked objects:
		On entry : 
		On exit  : 
		Unchanged: 
 Data sizes:     COMRAM   BANK0   BANK1
      Params:         0       0       0
      Locals:         0       8       0
      Temps:          0       2       0
      Totals:         0      10       0
Total ram usage:       10 bytes
 Hardware stack levels required when called:   10
 This function calls:
		_SYSTEM_Initialize
		_esp8266_connect
		_esp8266_isStarted
		_esp8266_mode
		_esp8266_send
		_esp8266_start
 This function is called by:
		Startup code after reset
 This function uses a non-reentrant model


 *************** function _esp8266_start *****************
 Defined at:
		line 231 in file "./Esp_8266.h"
 Parameters:    Size  Location     Type
  protocol        1    wreg     unsigned char 
  ip              2   10[BANK0 ] PTR unsigned char 
		 -> STR_43(19), 
  port            1   12[BANK0 ] unsigned char 
 Auto vars:     Size  Location     Type
  protocol        1   18[BANK0 ] unsigned char 
  port_str        5   13[BANK0 ] unsigned char [5]
 Return value:  Size  Location     Type
                  1    wreg      _Bool 
 Registers used:
		wreg, fsr0l, fsr0h, fsr1l, fsr1h, fsr2l, fsr2h, status,2, status,0, tblptrl, tblptrh, tblptru, prodl, prodh, cstack
 Tracked objects:
		On entry : 
		On exit  : 
		Unchanged: 
 Data sizes:     COMRAM   BANK0   BANK1
      Params:         0       3       0
      Locals:         0       6       0
      Temps:          0       0       0
      Totals:         0       9       0
Total ram usage:        9 bytes
 Hardware stack levels used:    1
 Hardware stack levels required when called:    9
 This function calls:
		__esp8266_print
		__esp8266_waitResponse
		_sprintf
 This function is called by:
		_main
 This function uses a non-reentrant model


 *************** function _esp8266_send *****************
 Defined at:
		line 264 in file "./Esp_8266.h"
 Parameters:    Size  Location     Type
  data            2   93[COMRAM] PTR unsigned char 
		 -> STR_46(52), STR_45(52), 
 Auto vars:     Size  Location     Type
  length_str      6   10[BANK0 ] unsigned char [6]
 Return value:  Size  Location     Type
                  1    wreg      _Bool 
 Registers used:
		wreg, fsr0l, fsr0h, fsr1l, fsr1h, fsr2l, fsr2h, status,2, status,0, tblptrl, tblptrh, tblptru, prodl, prodh, cstack
 Tracked objects:
		On entry : 
		On exit  : 
		Unchanged: 
 Data sizes:     COMRAM   BANK0   BANK1
      Params:         2       0       0
      Locals:         0       8       0
      Temps:          0       0       0
      Totals:         2       8       0
Total ram usage:       10 bytes
 Hardware stack levels used:    1
 Hardware stack levels required when called:    9
 This function calls:
		_EUSART1_Read
		__esp8266_print
		__esp8266_waitResponse
		_sprintf
		_strlen
 This function is called by:
		_main
 This function uses a non-reentrant model


 *************** function _sprintf *****************
 Defined at:
		line 9 in file "C:\Program Files (x86)\Microchip\xc8\v2.10\pic\sources\c99\common\nf_sprintf.c"
 Parameters:    Size  Location     Type
  s               2   87[COMRAM] PTR unsigned char 
		 -> esp8266_send@length_str(6), esp8266_start@port_str(5), 
  fmt             2   89[COMRAM] PTR const unsigned char 
		 -> STR_33(3), STR_31(3), 
 Auto vars:     Size  Location     Type
  f               6    4[BANK0 ] struct _IO_FILE
  ap              2    2[BANK0 ] PTR void [1]
		 -> ?_sprintf(2), 
  ret             2    0        int 
 Return value:  Size  Location     Type
                  2   87[COMRAM] int 
 Registers used:
		wreg, fsr0l, fsr0h, fsr1l, fsr1h, fsr2l, fsr2h, status,2, status,0, tblptrl, tblptrh, tblptru, cstack
 Tracked objects:
		On entry : 
		On exit  : 
		Unchanged: 
 Data sizes:     COMRAM   BANK0   BANK1
      Params:         6       0       0
      Locals:         0      10       0
      Temps:          0       0       0
      Totals:         6      10       0
Total ram usage:       16 bytes
 Hardware stack levels used:    1
 Hardware stack levels required when called:    8
 This function calls:
		_vfprintf
 This function is called by:
		_esp8266_start
		_esp8266_send
 This function uses a non-reentrant model


 *************** function _vfprintf *****************
 Defined at:
		line 1368 in file "C:\Program Files (x86)\Microchip\xc8\v2.10\pic\sources\c99\common\doprnt.c"
 Parameters:    Size  Location     Type
  fp              2   79[COMRAM] PTR struct _IO_FILE
		 -> sprintf@f(6), 
  fmt             2   81[COMRAM] PTR const unsigned char 
		 -> STR_33(3), STR_31(3), 
  ap              2   83[COMRAM] PTR PTR void 
		 -> sprintf@ap(2), 
 Auto vars:     Size  Location     Type
  cfmt            2   85[COMRAM] PTR unsigned char 
		 -> STR_33(3), STR_31(3), 
 Return value:  Size  Location     Type
                  2   79[COMRAM] int 
 Registers used:
		wreg, fsr0l, fsr0h, fsr1l, fsr1h, fsr2l, fsr2h, status,2, status,0, tblptrl, tblptrh, tblptru, cstack
 Tracked objects:
		On entry : 
		On exit  : 
		Unchanged: 
 Data sizes:     COMRAM   BANK0   BANK1
      Params:         6       0       0
      Locals:         2       0       0
      Temps:          0       0       0
      Totals:         8       0       0
Total ram usage:        8 bytes
 Hardware stack levels used:    1
 Hardware stack levels required when called:    7
 This function calls:
		_vfpfcnvrt
 This function is called by:
		_sprintf
 This function uses a non-reentrant model


 *************** function _vfpfcnvrt *****************
 Defined at:
		line 670 in file "C:\Program Files (x86)\Microchip\xc8\v2.10\pic\sources\c99\common\doprnt.c"
 Parameters:    Size  Location     Type
  fp              2   61[COMRAM] PTR struct _IO_FILE
		 -> sprintf@f(6), 
  fmt             2   63[COMRAM] PTR PTR unsigned char 
		 -> vfprintf@cfmt(2), 
  ap              2   65[COMRAM] PTR PTR void 
		 -> sprintf@ap(2), 
 Auto vars:     Size  Location     Type
  llu             8   71[COMRAM] unsigned long long 
  ll              8    0        long long 
  f               4    0        long long 
  vp              3    0        PTR void 
  ct              3    0        unsigned char [3]
  cp              3    0        PTR unsigned char 
  i               2    0        int 
  done            2    0        int 
  c               1    0        unsigned char 
 Return value:  Size  Location     Type
                  2   61[COMRAM] int 
 Registers used:
		wreg, fsr0l, fsr0h, fsr1l, fsr1h, fsr2l, fsr2h, status,2, status,0, tblptrl, tblptrh, tblptru, cstack
 Tracked objects:
		On entry : 
		On exit  : 
		Unchanged: 
 Data sizes:     COMRAM   BANK0   BANK1
      Params:         6       0       0
      Locals:         8       0       0
      Temps:          4       0       0
      Totals:        18       0       0
Total ram usage:       18 bytes
 Hardware stack levels used:    1
 Hardware stack levels required when called:    6
 This function calls:
		_fputc
		_utoa
 This function is called by:
		_vfprintf
 This function uses a non-reentrant model


 *************** function _utoa *****************
 Defined at:
		line 593 in file "C:\Program Files (x86)\Microchip\xc8\v2.10\pic\sources\c99\common\doprnt.c"
 Parameters:    Size  Location     Type
  fp              2   29[COMRAM] PTR struct _IO_FILE
		 -> sprintf@f(6), 
  d               8   31[COMRAM] unsigned long long 
 Auto vars:     Size  Location     Type
  n               8   51[COMRAM] unsigned long long 
  i               2   59[COMRAM] int 
  w               2   49[COMRAM] int 
  p               2   47[COMRAM] int 
 Return value:  Size  Location     Type
                  2   29[COMRAM] int 
 Registers used:
		wreg, fsr0l, fsr0h, fsr1l, fsr1h, fsr2l, fsr2h, status,2, status,0, tblptrl, tblptrh, tblptru, cstack
 Tracked objects:
		On entry : 
		On exit  : 
		Unchanged: 
 Data sizes:     COMRAM   BANK0   BANK1
      Params:        10       0       0
      Locals:        14       0       0
      Temps:          8       0       0
      Totals:        32       0       0
Total ram usage:       32 bytes
 Hardware stack levels used:    1
 Hardware stack levels required when called:    5
 This function calls:
		___lodiv
		___lomod
		_pad
 This function is called by:
		_vfpfcnvrt
 This function uses a non-reentrant model


 *************** function _pad *****************
 Defined at:
		line 72 in file "C:\Program Files (x86)\Microchip\xc8\v2.10\pic\sources\c99\common\doprnt.c"
 Parameters:    Size  Location     Type
  fp              2   18[COMRAM] PTR struct _IO_FILE
		 -> sprintf@f(6), 
  buf             2   20[COMRAM] PTR unsigned char 
		 -> dbuf(32), 
  p               2   22[COMRAM] int 
 Auto vars:     Size  Location     Type
  w               2   27[COMRAM] int 
  i               2   25[COMRAM] int 
 Return value:  Size  Location     Type
                  2   18[COMRAM] int 
 Registers used:
		wreg, fsr0l, fsr0h, fsr1l, fsr1h, fsr2l, fsr2h, status,2, status,0, tblptrl, tblptrh, tblptru, cstack
 Tracked objects:
		On entry : 
		On exit  : 
		Unchanged: 
 Data sizes:     COMRAM   BANK0   BANK1
      Params:         6       0       0
      Locals:         4       0       0
      Temps:          1       0       0
      Totals:        11       0       0
Total ram usage:       11 bytes
 Hardware stack levels used:    1
 Hardware stack levels required when called:    4
 This function calls:
		_fputc
		_fputs
		_strlen
 This function is called by:
		_utoa
 This function uses a non-reentrant model


 *************** function _strlen *****************
 Defined at:
		line 5 in file "C:\Program Files (x86)\Microchip\xc8\v2.10\pic\sources\c99\common\strlen.c"
 Parameters:    Size  Location     Type
  s               2    0[COMRAM] PTR const unsigned char 
		 -> dbuf(32), STR_46(52), STR_45(52), 
 Auto vars:     Size  Location     Type
  a               2    2[COMRAM] PTR const unsigned char 
		 -> dbuf(32), STR_46(52), STR_45(52), 
 Return value:  Size  Location     Type
                  2    0[COMRAM] unsigned int 
 Registers used:
		wreg, fsr0l, fsr0h, status,2, status,0, tblptrl, tblptrh, tblptru
 Tracked objects:
		On entry : 
		On exit  : 
		Unchanged: 
 Data sizes:     COMRAM   BANK0   BANK1
      Params:         2       0       0
      Locals:         2       0       0
      Temps:          0       0       0
      Totals:         4       0       0
Total ram usage:        4 bytes
 Hardware stack levels used:    1
 This function calls:
		Nothing
 This function is called by:
		_esp8266_send
		_pad
 This function uses a non-reentrant model


 *************** function _fputs *****************
 Defined at:
		line 8 in file "C:\Program Files (x86)\Microchip\xc8\v2.10\pic\sources\c99\common\nf_fputs.c"
 Parameters:    Size  Location     Type
  s               2   11[COMRAM] PTR const unsigned char 
		 -> dbuf(32), 
  fp              2   13[COMRAM] PTR struct _IO_FILE
		 -> sprintf@f(6), 
 Auto vars:     Size  Location     Type
  i               2   16[COMRAM] int 
  c               1   15[COMRAM] unsigned char 
 Return value:  Size  Location     Type
                  2   11[COMRAM] int 
 Registers used:
		wreg, fsr1l, fsr1h, fsr2l, fsr2h, status,2, status,0, cstack
 Tracked objects:
		On entry : 
		On exit  : 
		Unchanged: 
 Data sizes:     COMRAM   BANK0   BANK1
      Params:         4       0       0
      Locals:         3       0       0
      Temps:          0       0       0
      Totals:         7       0       0
Total ram usage:        7 bytes
 Hardware stack levels used:    1
 Hardware stack levels required when called:    3
 This function calls:
		_fputc
 This function is called by:
		_pad
 This function uses a non-reentrant model


 *************** function _fputc *****************
 Defined at:
		line 8 in file "C:\Program Files (x86)\Microchip\xc8\v2.10\pic\sources\c99\common\nf_fputc.c"
 Parameters:    Size  Location     Type
  c               2    2[COMRAM] int 
  fp              2    4[COMRAM] PTR struct _IO_FILE
		 -> sprintf@f(6), 
 Auto vars:     Size  Location     Type
		None
 Return value:  Size  Location     Type
                  2    2[COMRAM] int 
 Registers used:
		wreg, fsr1l, fsr1h, fsr2l, fsr2h, status,2, status,0, cstack
 Tracked objects:
		On entry : 
		On exit  : 
		Unchanged: 
 Data sizes:     COMRAM   BANK0   BANK1
      Params:         4       0       0
      Locals:         0       0       0
      Temps:          5       0       0
      Totals:         9       0       0
Total ram usage:        9 bytes
 Hardware stack levels used:    1
 Hardware stack levels required when called:    2
 This function calls:
		_putch
 This function is called by:
		_pad
		_vfpfcnvrt
		_fputs
 This function uses a non-reentrant model


 *************** function _putch *****************
 Defined at:
		line 146 in file "mcc_generated_files/eusart1.c"
 Parameters:    Size  Location     Type
  txData          1    wreg     unsigned char 
 Auto vars:     Size  Location     Type
  txData          1    1[COMRAM] unsigned char 
 Return value:  Size  Location     Type
                  1    wreg      void 
 Registers used:
		wreg, status,2, cstack
 Tracked objects:
		On entry : 
		On exit  : 
		Unchanged: 
 Data sizes:     COMRAM   BANK0   BANK1
      Params:         0       0       0
      Locals:         1       0       0
      Temps:          0       0       0
      Totals:         1       0       0
Total ram usage:        1 bytes
 Hardware stack levels used:    1
 Hardware stack levels required when called:    1
 This function calls:
		_EUSART1_Write
 This function is called by:
		_fputc
 This function uses a non-reentrant model


 *************** function ___lomod *****************
 Defined at:
		line 9 in file "C:\Program Files (x86)\Microchip\xc8\v2.10\pic\sources\c99\common\lomod.c"
 Parameters:    Size  Location     Type
  dividend        8    0[COMRAM] unsigned long long 
  divisor         8    8[COMRAM] unsigned long long 
 Auto vars:     Size  Location     Type
  counter         1   16[COMRAM] unsigned char 
 Return value:  Size  Location     Type
                  8    0[COMRAM] unsigned long long 
 Registers used:
		wreg, status,2, status,0
 Tracked objects:
		On entry : 
		On exit  : 
		Unchanged: 
 Data sizes:     COMRAM   BANK0   BANK1
      Params:        16       0       0
      Locals:         1       0       0
      Temps:          0       0       0
      Totals:        17       0       0
Total ram usage:       17 bytes
 Hardware stack levels used:    1
 This function calls:
		Nothing
 This function is called by:
		_utoa
 This function uses a non-reentrant model


 *************** function ___lodiv *****************
 Defined at:
		line 9 in file "C:\Program Files (x86)\Microchip\xc8\v2.10\pic\sources\c99\common\lodiv.c"
 Parameters:    Size  Location     Type
  dividend        8    0[COMRAM] unsigned long long 
  divisor         8    8[COMRAM] unsigned long long 
 Auto vars:     Size  Location     Type
  quotient        8   16[COMRAM] unsigned long long 
  counter         1   24[COMRAM] unsigned char 
 Return value:  Size  Location     Type
                  8    0[COMRAM] unsigned long long 
 Registers used:
		wreg, fsr2l, fsr2h, status,2, status,0
 Tracked objects:
		On entry : 
		On exit  : 
		Unchanged: 
 Data sizes:     COMRAM   BANK0   BANK1
      Params:        16       0       0
      Locals:         9       0       0
      Temps:          0       0       0
      Totals:        25       0       0
Total ram usage:       25 bytes
 Hardware stack levels used:    1
 This function calls:
		Nothing
 This function is called by:
		_utoa
 This function uses a non-reentrant model


 *************** function _esp8266_mode *****************
 Defined at:
		line 157 in file "./Esp_8266.h"
 Parameters:    Size  Location     Type
  mode            1    wreg     unsigned char 
 Auto vars:     Size  Location     Type
  mode            1   25[COMRAM] unsigned char 
 Return value:  Size  Location     Type
                  1    wreg      void 
 Registers used:
		wreg, fsr0l, fsr0h, fsr1l, fsr1h, fsr2l, fsr2h, status,2, status,0, tblptrl, tblptrh, tblptru, prodl, prodh, cstack
 Tracked objects:
		On entry : 
		On exit  : 
		Unchanged: 
 Data sizes:     COMRAM   BANK0   BANK1
      Params:         0       0       0
      Locals:         1       0       0
      Temps:          0       0       0
      Totals:         1       0       0
Total ram usage:        1 bytes
 Hardware stack levels used:    1
 Hardware stack levels required when called:    2
 This function calls:
		_EUSART1_Write
		__esp8266_print
		__esp8266_waitResponse
 This function is called by:
		_main
 This function uses a non-reentrant model


 *************** function _esp8266_isStarted *****************
 Defined at:
		line 105 in file "./Esp_8266.h"
 Parameters:    Size  Location     Type
		None
 Auto vars:     Size  Location     Type
		None
 Return value:  Size  Location     Type
                  1    wreg      _Bool 
 Registers used:
		wreg, fsr0l, fsr0h, fsr1l, fsr1h, fsr2l, fsr2h, status,2, status,0, tblptrl, tblptrh, tblptru, prodl, prodh, cstack
 Tracked objects:
		On entry : 
		On exit  : 
		Unchanged: 
 Data sizes:     COMRAM   BANK0   BANK1
      Params:         0       0       0
      Locals:         0       0       0
      Temps:          0       0       0
      Totals:         0       0       0
Total ram usage:        0 bytes
 Hardware stack levels used:    1
 Hardware stack levels required when called:    2
 This function calls:
		__esp8266_print
		__esp8266_waitResponse
 This function is called by:
		_main
 This function uses a non-reentrant model


 *************** function _esp8266_connect *****************
 Defined at:
		line 173 in file "./Esp_8266.h"
 Parameters:    Size  Location     Type
  ssid            2   25[COMRAM] PTR unsigned char 
		 -> STR_40(6), 
  pass            2   27[COMRAM] PTR unsigned char 
		 -> STR_41(11), 
 Auto vars:     Size  Location     Type
		None
 Return value:  Size  Location     Type
                  1    wreg      unsigned char 
 Registers used:
		wreg, fsr0l, fsr0h, fsr1l, fsr1h, fsr2l, fsr2h, status,2, status,0, tblptrl, tblptrh, tblptru, prodl, prodh, cstack
 Tracked objects:
		On entry : 
		On exit  : 
		Unchanged: 
 Data sizes:     COMRAM   BANK0   BANK1
      Params:         4       0       0
      Locals:         0       0       0
      Temps:          0       0       0
      Totals:         4       0       0
Total ram usage:        4 bytes
 Hardware stack levels used:    1
 Hardware stack levels required when called:    2
 This function calls:
		__esp8266_print
		__esp8266_waitResponse
 This function is called by:
		_main
 This function uses a non-reentrant model


 *************** function __esp8266_waitResponse *****************
 Defined at:
		line 36 in file "./Esp_8266.h"
 Parameters:    Size  Location     Type
		None
 Auto vars:     Size  Location     Type
  i               1   24[COMRAM] unsigned char 
  strings        12    3[COMRAM] PTR const unsigned char 
		 -> STR_11(7), STR_10(7), STR_9(10), STR_8(5), 
		 -> STR_7(6), STR_6(3), 
  so_far          6   15[COMRAM] unsigned char [6]
  continue_loo    1   23[COMRAM] _Bool 
  response        1   22[COMRAM] unsigned char 
  received        1   21[COMRAM] unsigned char 
 Return value:  Size  Location     Type
                  1    wreg      unsigned char 
 Registers used:
		wreg, fsr1l, fsr1h, fsr2l, fsr2h, status,2, status,0, tblptrl, tblptrh, tblptru, prodl, prodh, cstack
 Tracked objects:
		On entry : 
		On exit  : 
		Unchanged: 
 Data sizes:     COMRAM   BANK0   BANK1
      Params:         0       0       0
      Locals:        22       0       0
      Temps:          3       0       0
      Totals:        25       0       0
Total ram usage:       25 bytes
 Hardware stack levels used:    1
 Hardware stack levels required when called:    1
 This function calls:
		_EUSART1_Read
 This function is called by:
		_esp8266_isStarted
		_esp8266_mode
		_esp8266_connect
		_esp8266_start
		_esp8266_send
		_esp8266_restart
 This function uses a non-reentrant model


 *************** function _EUSART1_Read *****************
 Defined at:
		line 113 in file "mcc_generated_files/eusart1.c"
 Parameters:    Size  Location     Type
		None
 Auto vars:     Size  Location     Type
		None
 Return value:  Size  Location     Type
                  1    wreg      unsigned char 
 Registers used:
		wreg, status,2
 Tracked objects:
		On entry : 
		On exit  : 
		Unchanged: 
 Data sizes:     COMRAM   BANK0   BANK1
      Params:         0       0       0
      Locals:         0       0       0
      Temps:          0       0       0
      Totals:         0       0       0
Total ram usage:        0 bytes
 Hardware stack levels used:    1
 This function calls:
		Nothing
 This function is called by:
		__esp8266_waitResponse
		_esp8266_send
		_getch
		__esp8266_waitFor
		_esp8266_IP
		_esp8266_receive
 This function uses a non-reentrant model


 *************** function __esp8266_print *****************
 Defined at:
		line 63 in file "./Esp_8266.h"
 Parameters:    Size  Location     Type
  ptr             2    1[COMRAM] PTR const unsigned char 
		 -> STR_46(52), STR_45(52), STR_43(19), STR_41(11), 
		 -> STR_40(6), STR_35(3), STR_34(12), esp8266_send@length_str(6), 
		 -> STR_32(3), esp8266_start@port_str(5), STR_30(3), STR_29(4), 
		 -> STR_28(4), STR_27(4), STR_26(14), STR_24(11), 
		 -> STR_22(11), STR_21(4), STR_20(4), STR_19(11), 
		 -> STR_18(3), STR_17(11), STR_15(3), STR_14(4), 
		 -> STR_13(9), STR_12(5), 
 Auto vars:     Size  Location     Type
		None
 Return value:  Size  Location     Type
                  1    wreg      void 
 Registers used:
		wreg, fsr0l, fsr0h, status,2, status,0, tblptrl, tblptrh, tblptru, cstack
 Tracked objects:
		On entry : 
		On exit  : 
		Unchanged: 
 Data sizes:     COMRAM   BANK0   BANK1
      Params:         2       0       0
      Locals:         0       0       0
      Temps:          0       0       0
      Totals:         2       0       0
Total ram usage:        2 bytes
 Hardware stack levels used:    1
 Hardware stack levels required when called:    1
 This function calls:
		_EUSART1_Write
 This function is called by:
		_esp8266_isStarted
		_esp8266_mode
		_esp8266_connect
		_esp8266_start
		_esp8266_send
		_esp8266_restart
		_esp8266_echoCmds
		_esp8266_disconnect
		_esp8266_IP
 This function uses a non-reentrant model


 *************** function _EUSART1_Write *****************
 Defined at:
		line 132 in file "mcc_generated_files/eusart1.c"
 Parameters:    Size  Location     Type
  txData          1    wreg     unsigned char 
 Auto vars:     Size  Location     Type
  txData          1    0[COMRAM] unsigned char 
 Return value:  Size  Location     Type
                  1    wreg      void 
 Registers used:
		wreg
 Tracked objects:
		On entry : 
		On exit  : 
		Unchanged: 
 Data sizes:     COMRAM   BANK0   BANK1
      Params:         0       0       0
      Locals:         1       0       0
      Temps:          0       0       0
      Totals:         1       0       0
Total ram usage:        1 bytes
 Hardware stack levels used:    1
 This function calls:
		Nothing
 This function is called by:
		_putch
		__esp8266_print
		_esp8266_mode
		_ESP8266_send_string
		_esp8266_echoCmds
 This function uses a non-reentrant model


 *************** function _SYSTEM_Initialize *****************
 Defined at:
		line 50 in file "mcc_generated_files/mcc.c"
 Parameters:    Size  Location     Type
		None
 Auto vars:     Size  Location     Type
		None
 Return value:  Size  Location     Type
                  1    wreg      void 
 Registers used:
		wreg, status,2, status,0, cstack
 Tracked objects:
		On entry : 
		On exit  : 
		Unchanged: 
 Data sizes:     COMRAM   BANK0   BANK1
      Params:         0       0       0
      Locals:         0       0       0
      Temps:          0       0       0
      Totals:         0       0       0
Total ram usage:        0 bytes
 Hardware stack levels used:    1
 Hardware stack levels required when called:    2
 This function calls:
		_EUSART1_Initialize
		_EUSART2_Initialize
		_OSCILLATOR_Initialize
		_PIN_MANAGER_Initialize
		_TMR1_Initialize
 This function is called by:
		_main
 This function uses a non-reentrant model


 *************** function _TMR1_Initialize *****************
 Defined at:
		line 63 in file "mcc_generated_files/tmr1.c"
 Parameters:    Size  Location     Type
		None
 Auto vars:     Size  Location     Type
		None
 Return value:  Size  Location     Type
                  1    wreg      void 
 Registers used:
		wreg, status,2
 Tracked objects:
		On entry : 
		On exit  : 
		Unchanged: 
 Data sizes:     COMRAM   BANK0   BANK1
      Params:         0       0       0
      Locals:         0       0       0
      Temps:          0       0       0
      Totals:         0       0       0
Total ram usage:        0 bytes
 Hardware stack levels used:    1
 This function calls:
		Nothing
 This function is called by:
		_SYSTEM_Initialize
 This function uses a non-reentrant model


 *************** function _PIN_MANAGER_Initialize *****************
 Defined at:
		line 55 in file "mcc_generated_files/pin_manager.c"
 Parameters:    Size  Location     Type
		None
 Auto vars:     Size  Location     Type
		None
 Return value:  Size  Location     Type
                  1    wreg      void 
 Registers used:
		wreg, status,2
 Tracked objects:
		On entry : 
		On exit  : 
		Unchanged: 
 Data sizes:     COMRAM   BANK0   BANK1
      Params:         0       0       0
      Locals:         0       0       0
      Temps:          0       0       0
      Totals:         0       0       0
Total ram usage:        0 bytes
 Hardware stack levels used:    1
 This function calls:
		Nothing
 This function is called by:
		_SYSTEM_Initialize
 This function uses a non-reentrant model


 *************** function _OSCILLATOR_Initialize *****************
 Defined at:
		line 60 in file "mcc_generated_files/mcc.c"
 Parameters:    Size  Location     Type
		None
 Auto vars:     Size  Location     Type
		None
 Return value:  Size  Location     Type
                  1    wreg      void 
 Registers used:
		wreg, status,2
 Tracked objects:
		On entry : 
		On exit  : 
		Unchanged: 
 Data sizes:     COMRAM   BANK0   BANK1
      Params:         0       0       0
      Locals:         0       0       0
      Temps:          0       0       0
      Totals:         0       0       0
Total ram usage:        0 bytes
 Hardware stack levels used:    1
 This function calls:
		Nothing
 This function is called by:
		_SYSTEM_Initialize
 This function uses a non-reentrant model


 *************** function _EUSART2_Initialize *****************
 Defined at:
		line 66 in file "mcc_generated_files/eusart2.c"
 Parameters:    Size  Location     Type
		None
 Auto vars:     Size  Location     Type
		None
 Return value:  Size  Location     Type
                  1    wreg      void 
 Registers used:
		wreg, status,2, status,0, cstack
 Tracked objects:
		On entry : 
		On exit  : 
		Unchanged: 
 Data sizes:     COMRAM   BANK0   BANK1
      Params:         0       0       0
      Locals:         0       0       0
      Temps:          0       0       0
      Totals:         0       0       0
Total ram usage:        0 bytes
 Hardware stack levels used:    1
 Hardware stack levels required when called:    1
 This function calls:
		_EUSART2_SetErrorHandler
		_EUSART2_SetFramingErrorHandler
		_EUSART2_SetOverrunErrorHandler
 This function is called by:
		_SYSTEM_Initialize
 This function uses a non-reentrant model


 *************** function _EUSART2_SetOverrunErrorHandler *****************
 Defined at:
		line 161 in file "mcc_generated_files/eusart2.c"
 Parameters:    Size  Location     Type
  interruptHan    2    0[COMRAM] PTR FTN()void 
		 -> EUSART2_DefaultOverrunErrorHandler(1), 
 Auto vars:     Size  Location     Type
		None
 Return value:  Size  Location     Type
                  1    wreg      void 
 Registers used:
		wreg, status,2, status,0
 Tracked objects:
		On entry : 
		On exit  : 
		Unchanged: 
 Data sizes:     COMRAM   BANK0   BANK1
      Params:         2       0       0
      Locals:         0       0       0
      Temps:          0       0       0
      Totals:         2       0       0
Total ram usage:        2 bytes
 Hardware stack levels used:    1
 This function calls:
		Nothing
 This function is called by:
		_EUSART2_Initialize
 This function uses a non-reentrant model


 *************** function _EUSART2_SetFramingErrorHandler *****************
 Defined at:
		line 157 in file "mcc_generated_files/eusart2.c"
 Parameters:    Size  Location     Type
  interruptHan    2    0[COMRAM] PTR FTN()void 
		 -> EUSART2_DefaultFramingErrorHandler(1), 
 Auto vars:     Size  Location     Type
		None
 Return value:  Size  Location     Type
                  1    wreg      void 
 Registers used:
		wreg, status,2, status,0
 Tracked objects:
		On entry : 
		On exit  : 
		Unchanged: 
 Data sizes:     COMRAM   BANK0   BANK1
      Params:         2       0       0
      Locals:         0       0       0
      Temps:          0       0       0
      Totals:         2       0       0
Total ram usage:        2 bytes
 Hardware stack levels used:    1
 This function calls:
		Nothing
 This function is called by:
		_EUSART2_Initialize
 This function uses a non-reentrant model


 *************** function _EUSART2_SetErrorHandler *****************
 Defined at:
		line 165 in file "mcc_generated_files/eusart2.c"
 Parameters:    Size  Location     Type
  interruptHan    2    0[COMRAM] PTR FTN()void 
		 -> EUSART2_DefaultErrorHandler(1), 
 Auto vars:     Size  Location     Type
		None
 Return value:  Size  Location     Type
                  1    wreg      void 
 Registers used:
		wreg, status,2, status,0
 Tracked objects:
		On entry : 
		On exit  : 
		Unchanged: 
 Data sizes:     COMRAM   BANK0   BANK1
      Params:         2       0       0
      Locals:         0       0       0
      Temps:          0       0       0
      Totals:         2       0       0
Total ram usage:        2 bytes
 Hardware stack levels used:    1
 This function calls:
		Nothing
 This function is called by:
		_EUSART2_Initialize
 This function uses a non-reentrant model


 *************** function _EUSART1_Initialize *****************
 Defined at:
		line 66 in file "mcc_generated_files/eusart1.c"
 Parameters:    Size  Location     Type
		None
 Auto vars:     Size  Location     Type
		None
 Return value:  Size  Location     Type
                  1    wreg      void 
 Registers used:
		wreg, status,2, status,0, cstack
 Tracked objects:
		On entry : 
		On exit  : 
		Unchanged: 
 Data sizes:     COMRAM   BANK0   BANK1
      Params:         0       0       0
      Locals:         0       0       0
      Temps:          0       0       0
      Totals:         0       0       0
Total ram usage:        0 bytes
 Hardware stack levels used:    1
 Hardware stack levels required when called:    1
 This function calls:
		_EUSART1_SetErrorHandler
		_EUSART1_SetFramingErrorHandler
		_EUSART1_SetOverrunErrorHandler
 This function is called by:
		_SYSTEM_Initialize
 This function uses a non-reentrant model


 *************** function _EUSART1_SetOverrunErrorHandler *****************
 Defined at:
		line 170 in file "mcc_generated_files/eusart1.c"
 Parameters:    Size  Location     Type
  interruptHan    2    0[COMRAM] PTR FTN()void 
		 -> EUSART1_DefaultOverrunErrorHandler(1), 
 Auto vars:     Size  Location     Type
		None
 Return value:  Size  Location     Type
                  1    wreg      void 
 Registers used:
		wreg, status,2, status,0
 Tracked objects:
		On entry : 
		On exit  : 
		Unchanged: 
 Data sizes:     COMRAM   BANK0   BANK1
      Params:         2       0       0
      Locals:         0       0       0
      Temps:          0       0       0
      Totals:         2       0       0
Total ram usage:        2 bytes
 Hardware stack levels used:    1
 This function calls:
		Nothing
 This function is called by:
		_EUSART1_Initialize
 This function uses a non-reentrant model


 *************** function _EUSART1_SetFramingErrorHandler *****************
 Defined at:
		line 166 in file "mcc_generated_files/eusart1.c"
 Parameters:    Size  Location     Type
  interruptHan    2    0[COMRAM] PTR FTN()void 
		 -> EUSART1_DefaultFramingErrorHandler(1), 
 Auto vars:     Size  Location     Type
		None
 Return value:  Size  Location     Type
                  1    wreg      void 
 Registers used:
		wreg, status,2, status,0
 Tracked objects:
		On entry : 
		On exit  : 
		Unchanged: 
 Data sizes:     COMRAM   BANK0   BANK1
      Params:         2       0       0
      Locals:         0       0       0
      Temps:          0       0       0
      Totals:         2       0       0
Total ram usage:        2 bytes
 Hardware stack levels used:    1
 This function calls:
		Nothing
 This function is called by:
		_EUSART1_Initialize
 This function uses a non-reentrant model


 *************** function _EUSART1_SetErrorHandler *****************
 Defined at:
		line 174 in file "mcc_generated_files/eusart1.c"
 Parameters:    Size  Location     Type
  interruptHan    2    0[COMRAM] PTR FTN()void 
		 -> EUSART1_DefaultErrorHandler(1), 
 Auto vars:     Size  Location     Type
		None
 Return value:  Size  Location     Type
                  1    wreg      void 
 Registers used:
		wreg, status,2, status,0
 Tracked objects:
		On entry : 
		On exit  : 
		Unchanged: 
 Data sizes:     COMRAM   BANK0   BANK1
      Params:         2       0       0
      Locals:         0       0       0
      Temps:          0       0       0
      Totals:         2       0       0
Total ram usage:        2 bytes
 Hardware stack levels used:    1
 This function calls:
		Nothing
 This function is called by:
		_EUSART1_Initialize
 This function uses a non-reentrant model



MODULE INFORMATION

Module		Function		Class		Link	Load	Size
C:\Program Files (x86)\Microchip\xc8\v2.10\pic\sources\c99\common\lodiv.c
		___lodiv       		CODE           	1806	0000	241

C:\Program Files (x86)\Microchip\xc8\v2.10\pic\sources\c99\common\lodiv.c estimated size: 241

mcc_generated_files/eusart2.c
		_EUSART2_SetOverrunErrorHandler		CODE           	10A6	0000	11
		_EUSART2_SetErrorHandler		CODE           	1092	0000	11
		_EUSART2_Initialize		CODE           	11F6	0000	65
		_EUSART2_SetFramingErrorHandler		CODE           	109C	0000	11

mcc_generated_files/eusart2.c estimated size: 98

C:\Program Files (x86)\Microchip\xc8\v2.10\pic\sources\c99\common\strlen.c
		_strlen        		CODE           	1302	0000	79

C:\Program Files (x86)\Microchip\xc8\v2.10\pic\sources\c99\common\strlen.c estimated size: 79

mcc_generated_files/pin_manager.c
		_PIN_MANAGER_Initialize		CODE           	12BC	0000	71

mcc_generated_files/pin_manager.c estimated size: 71

C:\Program Files (x86)\Microchip\xc8\v2.10\pic\sources\c99\common\doprnt.c
		_vfpfcnvrt     		CODE           	1B18	0000	403
		_pad           		CODE           	15A6	0000	199
		_vfprintf      		CODE           	1400	0000	99
		_utoa          		CODE           	1CAA	0000	515

C:\Program Files (x86)\Microchip\xc8\v2.10\pic\sources\c99\common\doprnt.c estimated size: 1216

C:\Program Files (x86)\Microchip\xc8\v2.10\pic\sources\c99\common\nf_fputs.c
		_fputs         		CODE           	1278	0000	69

C:\Program Files (x86)\Microchip\xc8\v2.10\pic\sources\c99\common\nf_fputs.c estimated size: 69

./Esp_8266.h
		__esp8266_print		CODE           	13A2	0000	95
		_esp8266_connect		CODE           	1236	0000	67
		__esp8266_waitResponse		CODE           	18F6	0000	267
		_esp8266_mode  		CODE           	112E	0000	41
		_esp8266_send  		CODE           	1462	0000	135
		_esp8266_start 		CODE           	14E8	0000	191
		_esp8266_isStarted		CODE           	10D4	0000	19

./Esp_8266.h estimated size: 815

shared
		__esp8266_waitResponse@lengths		MEDIUMCONST    	1EB3	0000	7
		__initialization		CODE           	1180	0000	45
		__esp8266_waitResponse@responses		MEDIUMCONST    	1EAD	0000	7

shared estimated size: 59

mcc_generated_files/eusart1.c
		_EUSART1_Initialize		CODE           	11B6	0000	65
		_putch         		CODE           	10B0	0000	11
		_EUSART1_SetFramingErrorHandler		CODE           	107E	0000	11
		_EUSART1_Read  		CODE           	1156	0000	43
		_EUSART1_SetOverrunErrorHandler		CODE           	1088	0000	11
		_EUSART1_SetErrorHandler		CODE           	1074	0000	11
		_EUSART1_Write 		CODE           	10FC	0000	23

mcc_generated_files/eusart1.c estimated size: 175

mcc_generated_files/mcc.c
		_OSCILLATOR_Initialize		CODE           	10C6	0000	15
		_SYSTEM_Initialize		CODE           	10E6	0000	23

mcc_generated_files/mcc.c estimated size: 38

C:\Program Files (x86)\Microchip\xc8\v2.10\pic\sources\c99\common\lomod.c
		___lomod       		CODE           	1736	0000	209

C:\Program Files (x86)\Microchip\xc8\v2.10\pic\sources\c99\common\lomod.c estimated size: 209

mcc_generated_files/tmr1.c
		_TMR1_Initialize		CODE           	1112	0000	29

mcc_generated_files/tmr1.c estimated size: 29

C:\Program Files (x86)\Microchip\xc8\v2.10\pic\sources\c99\common\nf_sprintf.c
		_sprintf       		CODE           	1350	0000	83

C:\Program Files (x86)\Microchip\xc8\v2.10\pic\sources\c99\common\nf_sprintf.c estimated size: 83

main.c
		_main          		CODE           	1A00	0000	281

main.c estimated size: 281

C:\Program Files (x86)\Microchip\xc8\v2.10\pic\sources\c99\common\nf_fputc.c
		_fputc         		CODE           	166C	0000	203

C:\Program Files (x86)\Microchip\xc8\v2.10\pic\sources\c99\common\nf_fputc.c estimated size: 203

