Microchip MPLAB XC8 Compiler V2.10 ()

Linker command line:

-W-3 --edf=C:\Program Files (x86)\Microchip\xc8\v2.10\pic\dat\en_msgs.txt \
  -cs -h+dist/default/production\Testing_Features.X.production.sym \
  --cmf=dist/default/production\Testing_Features.X.production.cmf -z \
  -Q18F43K22 -oC:\Users\JASSKH~1\AppData\Local\Temp\s9fo.2 \
  --defsym=__MPLAB_BUILD=1 \
  -Mdist/default/production/Testing_Features.X.production.map -E1 -ver=XC8 \
  --acfsm=1493 -ASTACK=060h-01FFh -pstack=STACK -ACODE=00h-01FFFh \
  -ACONST=00h-01FFFh -ASMALLCONST=0200h-02FFhx30 -AMEDIUMCONST=0200h-01FFFh \
  -ACOMRAM=01h-05Fh -AABS1=00h-01FFh -ABIGRAM=01h-01FFh \
  -ARAM=060h-0FFh,0100h-01FFh -ABANK0=060h-0FFh -ABANK1=0100h-01FFh \
  -ASFR=0F38h-0F5Fh,0F60h-0FFFh \
  -preset_vec=00h,intcode,intcodelo,powerup,init -pramtop=0200h \
  -psmallconst=SMALLCONST -pmediumconst=MEDIUMCONST -pconst=CONST \
  -AFARRAM=00h-00h -ACONFIG=0300000h-030000Dh -pconfig=CONFIG \
  -AIDLOC=0200000h-0200007h -pidloc=IDLOC -AEEDATA=0F00000h-0F000FFh \
  -peeprom_data=EEDATA \
  -prdata=COMRAM,nvrram=COMRAM,nvbit=COMRAM,rbss=COMRAM,rbit=COMRAM \
  -pfarbss=FARRAM,fardata=FARRAM,nvFARRAM=FARRAM \
  -pintsave_regs=BIGRAM,bigbss=BIGRAM,bigdata=BIGRAM -pbss=RAM \
  -pidata=CODE,irdata=CODE,ibigdata=CODE,ifardata=CODE -prparam=COMRAM \
  C:\Users\JASSKH~1\AppData\Local\Temp\s9fo.o \
  dist/default/production\Testing_Features.X.production.o 

Object code version is 3.11

Machine type is 18F43K22

Call graph: (short form)




                Name                               Link     Load   Length Selector   Space Scale
C:\Users\JASSKH~1\AppData\Local\Temp\s9fo.o
                init                                  0        0        4        0       0
                idloc                            200000   200000        8   200000       0
                config                           300000   300000        E   300000       0
dist/default/production\Testing_Features.X.production.o
                smallconst                          200      200       28      100       0
                text17                              50E      50E        8      114       0
                text16                              506      506        8      114       0
                text15                              4EC      4EC        A      114       0
                text14                              4FE      4FE        8      114       0
                text13                              4F6      4F6        8      114       0
                text12                              4E2      4E2        A      114       0
                text11                              51E      51E        4      114       0
                text10                              4D8      4D8        A      114       0
                text9                               51A      51A        4      114       0
                text8                               4CE      4CE        A      114       0
                text7                               4C4      4C4        A      114       0
                text6                               3E8      3E8       78      114       0
                text5                               228      228       E4      114       0
                text4                               516      516        4      114       0
                text3                               4AC      4AC        E      114       0
                text2                               460      460       3E      114       0
                text1                               4BA      4BA        A      114       0
                text0                               30C      30C       DC      114       0
                cstackCOMRAM                          1        1        9        1       1
                cinit                               49E      49E        E      114       0

TOTAL           Name                               Link     Load   Length     Space
        CLASS   STACK          

        CLASS   CODE           
                init                                  0        0        4         0
                text17                              50E      50E        8         0
                text16                              506      506        8         0
                text15                              4EC      4EC        A         0
                text14                              4FE      4FE        8         0
                text13                              4F6      4F6        8         0
                text12                              4E2      4E2        A         0
                text11                              51E      51E        4         0
                text10                              4D8      4D8        A         0
                text9                               51A      51A        4         0
                text8                               4CE      4CE        A         0
                text7                               4C4      4C4        A         0
                text6                               3E8      3E8       78         0
                text5                               228      228       E4         0
                text4                               516      516        4         0
                text3                               4AC      4AC        E         0
                text2                               460      460       3E         0
                text1                               4BA      4BA        A         0
                text0                               30C      30C       DC         0
                cinit                               49E      49E        E         0

        CLASS   CONST          

        CLASS   SMALLCONST     
                smallconst                          200      200       28         0

        CLASS   MEDIUMCONST    

        CLASS   COMRAM         
                cstackCOMRAM                          1        1        9         1

        CLASS   ABS1           

        CLASS   BIGRAM         

        CLASS   RAM            

        CLASS   BANK0          

        CLASS   BANK1          

        CLASS   SFR            

        CLASS   FARRAM         

        CLASS   CONFIG         
                config                           300000   300000        E         0

        CLASS   IDLOC          
                idloc                            200000   200000        8         0

        CLASS   EEDATA         



SEGMENTS        Name                           Load    Length   Top    Selector   Space  Class

                reset_vec                      000000  000004  000004         0       0  CODE    
                cstackCOMRAM                   000001  000009  00000A         1       1  COMRAM  
                smallconst                     000200  000028  000228       100       0  SMALLCON
                text5                          000228  0002FA  000522       114       0  CODE    
                idloc                          200000  000008  200008    200000       0  IDLOC   
                config                         300000  00000E  30000E    300000       0  CONFIG  


UNUSED ADDRESS RANGES

        Name                Unused          Largest block    Delta
        BANK0            000060-0000FF               A0
        BANK1            000100-0001FF              100
        BIGRAM           00000A-0001FF              1F6
        CODE             000004-0001FF              1FC
                         000522-001FFF             1ADE
        COMRAM           00000A-00005F               56
        CONST            000004-0001FF              1FC
                         000522-001FFF             1ADE
        EEDATA           F00000-F000FF              100
        MEDIUMCONST      000522-001FFF             1ADE
        RAM              000060-0001FF               A0
        SFR              000F38-000FFF               28
        SMALLCONST       000522-001FFF              100
        STACK            000060-0001FF              1A0

                                  Symbol Table

?_strcmp                         cstackCOMRAM 000001
Chair_Position@Command           cstackCOMRAM 000006
_ANSELA                          (abs)        000F38
_ANSELB                          (abs)        000F39
_ANSELC                          (abs)        000F3A
_ANSELD                          (abs)        000F3B
_ANSELE                          (abs)        000F3C
_Chair_Position                  text5        000228
_INTCON2bits                     (abs)        000FF1
_INTCONbits                      (abs)        000FF2
_LA0                             (abs)        007C48
_LA1                             (abs)        007C49
_LA2                             (abs)        007C4A
_LA3                             (abs)        007C4B
_LA4                             (abs)        007C4C
_LA5                             (abs)        007C4D
_LATA                            (abs)        000F89
_LATB                            (abs)        000F8A
_LATC                            (abs)        000F8B
_LATD                            (abs)        000F8C
_LATE                            (abs)        000F8D
_LE0                             (abs)        007C68
_Leftwheel_Back                  text17       00050E
_Leftwheel_Forward               text14       0004FE
_Leftwheel_Stop                  text11       00051E
_Motor_Initalize                 text4        000516
_Move_Back                       text15       0004EC
_Move_Forward                    text12       0004E2
_Move_Right                      text10       0004D8
_Move_left                       text8        0004CE
_OSCCON                          (abs)        000FD3
_OSCCON2                         (abs)        000FD2
_OSCILLATOR_Initialize           text3        0004AC
_OSCTUNE                         (abs)        000F9B
_PIN_MANAGER_Initialize          text2        000460
_Rightwheel_Back                 text16       000506
_Rightwheel_Forward              text13       0004F6
_Rightwheel_Stop                 text9        00051A
_SYSTEM_Initialize               text1        0004BA
_Stop                            text7        0004C4
_TRISA                           (abs)        000F92
_TRISB                           (abs)        000F93
_TRISC                           (abs)        000F94
_TRISD                           (abs)        000F95
_TRISE                           (abs)        000F96
_WPUB                            (abs)        000F61
__CFG_BOREN$OFF                  (abs)        000000
__CFG_BORV$190                   (abs)        000000
__CFG_CCP2MX$PORTC1              (abs)        000000
__CFG_CCP3MX$PORTB5              (abs)        000000
__CFG_CP0$OFF                    (abs)        000000
__CFG_CP1$OFF                    (abs)        000000
__CFG_CPB$OFF                    (abs)        000000
__CFG_CPD$OFF                    (abs)        000000
__CFG_DEBUG$OFF                  (abs)        000000
__CFG_EBTR0$OFF                  (abs)        000000
__CFG_EBTR1$OFF                  (abs)        000000
__CFG_EBTRB$OFF                  (abs)        000000
__CFG_FCMEN$OFF                  (abs)        000000
__CFG_FOSC$INTIO67               (abs)        000000
__CFG_HFOFST$ON                  (abs)        000000
__CFG_IESO$OFF                   (abs)        000000
__CFG_LVP$OFF                    (abs)        000000
__CFG_MCLRE$INTMCLR              (abs)        000000
__CFG_P2BMX$PORTD2               (abs)        000000
__CFG_PBADEN$ON                  (abs)        000000
__CFG_PLLCFG$OFF                 (abs)        000000
__CFG_PRICLKEN$ON                (abs)        000000
__CFG_PWRTEN$OFF                 (abs)        000000
__CFG_STVREN$ON                  (abs)        000000
__CFG_T3CMX$PORTC0               (abs)        000000
__CFG_WDTEN$OFF                  (abs)        000000
__CFG_WDTPS$32768                (abs)        000000
__CFG_WRT0$OFF                   (abs)        000000
__CFG_WRT1$OFF                   (abs)        000000
__CFG_WRTB$OFF                   (abs)        000000
__CFG_WRTC$OFF                   (abs)        000000
__CFG_WRTD$OFF                   (abs)        000000
__CFG_XINST$OFF                  (abs)        000000
__HRAM                           (abs)        000000
__Habs1                          abs1         000000
__Hbank0                         bank0        000000
__Hbank1                         bank1        000000
__Hbigbss                        bigbss       000000
__Hbigdata                       bigdata      000000
__Hbigram                        bigram       000000
__Hbss                           bss          000000
__Hcinit                         cinit        000000
__Hclrtext                       clrtext      000000
__Hcomram                        comram       000000
__Hconfig                        config       30000E
__Hconst                         const        000000
__HcstackCOMRAM                  cstackCOMRAM 000000
__Hdata                          data         000000
__Heeprom_data                   eeprom_data  000000
__Hfarbss                        farbss       000000
__Hfardata                       fardata      000000
__Hibigdata                      ibigdata     000000
__Hidata                         idata        000000
__Hidloc                         idloc        200008
__Hifardata                      ifardata     000000
__Hinit                          init         000004
__Hintcode                       intcode      000000
__Hintcode_body                  intcode_body 000000
__Hintcodelo                     intcodelo    000000
__Hintentry                      intentry     000000
__Hintret                        intret       000000
__Hintsave_regs                  intsave_regs 000000
__Hirdata                        irdata       000000
__Hmediumconst                   mediumconst  000000
__HnvFARRAM                      nvFARRAM     000000
__Hnvbit                         nvbit        000000
__Hnvrram                        nvrram       000000
__Hparam                         rparam       000000
__Hpowerup                       powerup      000000
__Hram                           ram          000000
__Hramtop                        ramtop       000200
__Hrbit                          rbit         000000
__Hrbss                          rbss         000000
__Hrdata                         rdata        000000
__Hreset_vec                     reset_vec    000000
__Hrparam                        rparam       000000
__Hsfr                           sfr          000000
__Hsmallconst                    smallconst   000228
__Hspace_0                       (abs)        30000E
__Hspace_1                       (abs)        00000A
__Hspace_2                       (abs)        000000
__Hstack                         stack        000000
__Hstruct                        struct       000000
__Htemp                          temp         000000
__Htext                          text         000000
__Htext0                         text0        000000
__Htext1                         text1        000000
__Htext10                        text10       000000
__Htext11                        text11       000000
__Htext12                        text12       000000
__Htext13                        text13       000000
__Htext14                        text14       000000
__Htext15                        text15       000000
__Htext16                        text16       000000
__Htext17                        text17       000000
__Htext2                         text2        000000
__Htext3                         text3        000000
__Htext4                         text4        000000
__Htext5                         text5        000000
__Htext6                         text6        000000
__Htext7                         text7        000000
__Htext8                         text8        000000
__Htext9                         text9        000000
__LRAM                           (abs)        000001
__Labs1                          abs1         000000
__Lbank0                         bank0        000000
__Lbank1                         bank1        000000
__Lbigbss                        bigbss       000000
__Lbigdata                       bigdata      000000
__Lbigram                        bigram       000000
__Lbss                           bss          000000
__Lcinit                         cinit        000000
__Lclrtext                       clrtext      000000
__Lcomram                        comram       000000
__Lconfig                        config       300000
__Lconst                         const        000000
__LcstackCOMRAM                  cstackCOMRAM 000000
__Ldata                          data         000000
__Leeprom_data                   eeprom_data  000000
__Lfarbss                        farbss       000000
__Lfardata                       fardata      000000
__Libigdata                      ibigdata     000000
__Lidata                         idata        000000
__Lidloc                         idloc        200000
__Lifardata                      ifardata     000000
__Linit                          init         000000
__Lintcode                       intcode      000000
__Lintcode_body                  intcode_body 000000
__Lintcodelo                     intcodelo    000000
__Lintentry                      intentry     000000
__Lintret                        intret       000000
__Lintsave_regs                  intsave_regs 000000
__Lirdata                        irdata       000000
__Lmediumconst                   mediumconst  000000
__LnvFARRAM                      nvFARRAM     000000
__Lnvbit                         nvbit        000000
__Lnvrram                        nvrram       000000
__Lparam                         rparam       000000
__Lpowerup                       powerup      000000
__Lram                           ram          000000
__Lramtop                        ramtop       000200
__Lrbit                          rbit         000000
__Lrbss                          rbss         000000
__Lrdata                         rdata        000000
__Lreset_vec                     reset_vec    000000
__Lrparam                        rparam       000000
__Lsfr                           sfr          000000
__Lsmallconst                    smallconst   000200
__Lspace_0                       (abs)        000000
__Lspace_1                       (abs)        000000
__Lspace_2                       (abs)        000000
__Lstack                         stack        000000
__Lstruct                        struct       000000
__Ltemp                          temp         000000
__Ltext                          text         000000
__Ltext0                         text0        000000
__Ltext1                         text1        000000
__Ltext10                        text10       000000
__Ltext11                        text11       000000
__Ltext12                        text12       000000
__Ltext13                        text13       000000
__Ltext14                        text14       000000
__Ltext15                        text15       000000
__Ltext16                        text16       000000
__Ltext17                        text17       000000
__Ltext2                         text2        000000
__Ltext3                         text3        000000
__Ltext4                         text4        000000
__Ltext5                         text5        000000
__Ltext6                         text6        000000
__Ltext7                         text7        000000
__Ltext8                         text8        000000
__Ltext9                         text9        000000
__S0                             (abs)        30000E
__S1                             (abs)        00000A
__S2                             (abs)        000000
___inthi_sp                      stack        000000
___intlo_sp                      stack        000000
___param_bank                    (abs)        000000
___rparam_used                   (abs)        000001
___sp                            stack        000000
__accesstop                      (abs)        000060
__activetblptr                   (abs)        000001
__end_of_Chair_Position          text5        00030C
__end_of_Leftwheel_Back          text17       000516
__end_of_Leftwheel_Forward       text14       000506
__end_of_Leftwheel_Stop          text11       000522
__end_of_Motor_Initalize         text4        00051A
__end_of_Move_Back               text15       0004F6
__end_of_Move_Forward            text12       0004EC
__end_of_Move_Right              text10       0004E2
__end_of_Move_left               text8        0004D8
__end_of_OSCILLATOR_Initialize   text3        0004BA
__end_of_PIN_MANAGER_Initialize  text2        00049E
__end_of_Rightwheel_Back         text16       00050E
__end_of_Rightwheel_Forward      text13       0004FE
__end_of_Rightwheel_Stop         text9        00051E
__end_of_SYSTEM_Initialize       text1        0004C4
__end_of_Stop                    text7        0004CE
__end_of__initialization         cinit        00049E
__end_of_main                    text0        0003E8
__end_of_strcmp                  text6        000460
__initialization                 cinit        00049E
__mediumconst                    mediumconst  000000
__pcinit                         cinit        00049E
__pcstackCOMRAM                  cstackCOMRAM 000001
__psmallconst                    smallconst   000200
__ptext0                         text0        00030C
__ptext1                         text1        0004BA
__ptext10                        text10       0004D8
__ptext11                        text11       00051E
__ptext12                        text12       0004E2
__ptext13                        text13       0004F6
__ptext14                        text14       0004FE
__ptext15                        text15       0004EC
__ptext16                        text16       000506
__ptext17                        text17       00050E
__ptext2                         text2        000460
__ptext3                         text3        0004AC
__ptext4                         text4        000516
__ptext5                         text5        000228
__ptext6                         text6        0003E8
__ptext7                         text7        0004C4
__ptext8                         text8        0004CE
__ptext9                         text9        00051A
__ramtop                         ramtop       000200
__size_of_Chair_Position         (abs)        000000
__size_of_Leftwheel_Back         (abs)        000000
__size_of_Leftwheel_Forward      (abs)        000000
__size_of_Leftwheel_Stop         (abs)        000000
__size_of_Motor_Initalize        (abs)        000000
__size_of_Move_Back              (abs)        000000
__size_of_Move_Forward           (abs)        000000
__size_of_Move_Right             (abs)        000000
__size_of_Move_left              (abs)        000000
__size_of_OSCILLATOR_Initialize  (abs)        000000
__size_of_PIN_MANAGER_Initialize (abs)        000000
__size_of_Rightwheel_Back        (abs)        000000
__size_of_Rightwheel_Forward     (abs)        000000
__size_of_Rightwheel_Stop        (abs)        000000
__size_of_SYSTEM_Initialize      (abs)        000000
__size_of_Stop                   (abs)        000000
__size_of_main                   (abs)        000000
__size_of_strcmp                 (abs)        000000
__smallconst                     smallconst   000200
_main                            text0        00030C
_strcmp                          text6        0003E8
end_of_initialization            cinit        00049E
intlevel0                        text         000000
intlevel1                        text         000000
intlevel2                        text         000000
intlevel3                        text         000000
stackhi                          (abs)        0001FF
stacklo                          (abs)        000060
start                            init         000000
start_initialization             cinit        00049E
strcmp@l                         cstackCOMRAM 000001
strcmp@r                         cstackCOMRAM 000003


FUNCTION INFORMATION:

 *************** function _main *****************
 Defined at:
		line 49 in file "main.c"
 Parameters:    Size  Location     Type
		None
 Auto vars:     Size  Location     Type
		None
 Return value:  Size  Location     Type
                  1    wreg      void 
 Registers used:
		wreg, status,2, status,0, tblptrl, tblptrh, tblptru, cstack
 Tracked objects:
		On entry : 
		On exit  : 
		Unchanged: 
 Data sizes:     COMRAM   BANK0   BANK1
      Params:         0       0       0
      Locals:         0       0       0
      Temps:          2       0       0
      Totals:         2       0       0
Total ram usage:        2 bytes
 Hardware stack levels required when called:    3
 This function calls:
		_Chair_Position
		_Motor_Initalize
		_SYSTEM_Initialize
 This function is called by:
		Startup code after reset
 This function uses a non-reentrant model


 *************** function _SYSTEM_Initialize *****************
 Defined at:
		line 50 in file "mcc_generated_files/mcc.c"
 Parameters:    Size  Location     Type
		None
 Auto vars:     Size  Location     Type
		None
 Return value:  Size  Location     Type
                  1    wreg      void 
 Registers used:
		wreg, status,2, cstack
 Tracked objects:
		On entry : 
		On exit  : 
		Unchanged: 
 Data sizes:     COMRAM   BANK0   BANK1
      Params:         0       0       0
      Locals:         0       0       0
      Temps:          0       0       0
      Totals:         0       0       0
Total ram usage:        0 bytes
 Hardware stack levels used:    1
 Hardware stack levels required when called:    1
 This function calls:
		_OSCILLATOR_Initialize
		_PIN_MANAGER_Initialize
 This function is called by:
		_main
 This function uses a non-reentrant model


 *************** function _PIN_MANAGER_Initialize *****************
 Defined at:
		line 55 in file "mcc_generated_files/pin_manager.c"
 Parameters:    Size  Location     Type
		None
 Auto vars:     Size  Location     Type
		None
 Return value:  Size  Location     Type
                  1    wreg      void 
 Registers used:
		wreg, status,2
 Tracked objects:
		On entry : 
		On exit  : 
		Unchanged: 
 Data sizes:     COMRAM   BANK0   BANK1
      Params:         0       0       0
      Locals:         0       0       0
      Temps:          0       0       0
      Totals:         0       0       0
Total ram usage:        0 bytes
 Hardware stack levels used:    1
 This function calls:
		Nothing
 This function is called by:
		_SYSTEM_Initialize
 This function uses a non-reentrant model


 *************** function _OSCILLATOR_Initialize *****************
 Defined at:
		line 57 in file "mcc_generated_files/mcc.c"
 Parameters:    Size  Location     Type
		None
 Auto vars:     Size  Location     Type
		None
 Return value:  Size  Location     Type
                  1    wreg      void 
 Registers used:
		wreg, status,2
 Tracked objects:
		On entry : 
		On exit  : 
		Unchanged: 
 Data sizes:     COMRAM   BANK0   BANK1
      Params:         0       0       0
      Locals:         0       0       0
      Temps:          0       0       0
      Totals:         0       0       0
Total ram usage:        0 bytes
 Hardware stack levels used:    1
 This function calls:
		Nothing
 This function is called by:
		_SYSTEM_Initialize
 This function uses a non-reentrant model


 *************** function _Motor_Initalize *****************
 Defined at:
		line 24 in file "./Motors.h"
 Parameters:    Size  Location     Type
		None
 Auto vars:     Size  Location     Type
		None
 Return value:  Size  Location     Type
                  1    wreg      void 
 Registers used:
		None
 Tracked objects:
		On entry : 
		On exit  : 
		Unchanged: 
 Data sizes:     COMRAM   BANK0   BANK1
      Params:         0       0       0
      Locals:         0       0       0
      Temps:          0       0       0
      Totals:         0       0       0
Total ram usage:        0 bytes
 Hardware stack levels used:    1
 This function calls:
		Nothing
 This function is called by:
		_main
 This function uses a non-reentrant model


 *************** function _Chair_Position *****************
 Defined at:
		line 101 in file "./Motors.h"
 Parameters:    Size  Location     Type
  Command         2    5[COMRAM] PTR unsigned char 
		 -> STR_11(6), STR_10(5), STR_9(5), STR_8(5), 
		 -> STR_7(5), STR_6(8), 
 Auto vars:     Size  Location     Type
		None
 Return value:  Size  Location     Type
                  2    5[COMRAM] int 
 Registers used:
		wreg, status,2, status,0, tblptrl, tblptrh, tblptru, cstack
 Tracked objects:
		On entry : 
		On exit  : 
		Unchanged: 
 Data sizes:     COMRAM   BANK0   BANK1
      Params:         2       0       0
      Locals:         0       0       0
      Temps:          0       0       0
      Totals:         2       0       0
Total ram usage:        2 bytes
 Hardware stack levels used:    1
 Hardware stack levels required when called:    2
 This function calls:
		_Move_Back
		_Move_Forward
		_Move_Right
		_Move_left
		_Stop
		_strcmp
 This function is called by:
		_main
 This function uses a non-reentrant model


 *************** function _strcmp *****************
 Defined at:
		line 3 in file "C:\Program Files (x86)\Microchip\xc8\v2.10\pic\sources\c99\common\strcmp.c"
 Parameters:    Size  Location     Type
  l               2    0[COMRAM] PTR const unsigned char 
		 -> STR_11(6), STR_10(5), STR_9(5), STR_8(5), 
		 -> STR_7(5), STR_6(8), 
  r               2    2[COMRAM] PTR const unsigned char 
		 -> STR_5(5), STR_4(6), STR_3(5), STR_2(5), 
		 -> STR_1(8), 
 Auto vars:     Size  Location     Type
		None
 Return value:  Size  Location     Type
                  2    0[COMRAM] int 
 Registers used:
		wreg, status,2, status,0, tblptrl, tblptrh, tblptru
 Tracked objects:
		On entry : 
		On exit  : 
		Unchanged: 
 Data sizes:     COMRAM   BANK0   BANK1
      Params:         4       0       0
      Locals:         0       0       0
      Temps:          1       0       0
      Totals:         5       0       0
Total ram usage:        5 bytes
 Hardware stack levels used:    1
 This function calls:
		Nothing
 This function is called by:
		_Chair_Position
 This function uses a non-reentrant model


 *************** function _Stop *****************
 Defined at:
		line 85 in file "./Motors.h"
 Parameters:    Size  Location     Type
		None
 Auto vars:     Size  Location     Type
		None
 Return value:  Size  Location     Type
                  1    wreg      void 
 Registers used:
		cstack
 Tracked objects:
		On entry : 
		On exit  : 
		Unchanged: 
 Data sizes:     COMRAM   BANK0   BANK1
      Params:         0       0       0
      Locals:         0       0       0
      Temps:          0       0       0
      Totals:         0       0       0
Total ram usage:        0 bytes
 Hardware stack levels used:    1
 Hardware stack levels required when called:    1
 This function calls:
		_Leftwheel_Stop
		_Rightwheel_Stop
 This function is called by:
		_Chair_Position
 This function uses a non-reentrant model


 *************** function _Move_left *****************
 Defined at:
		line 75 in file "./Motors.h"
 Parameters:    Size  Location     Type
		None
 Auto vars:     Size  Location     Type
		None
 Return value:  Size  Location     Type
                  1    wreg      void 
 Registers used:
		cstack
 Tracked objects:
		On entry : 
		On exit  : 
		Unchanged: 
 Data sizes:     COMRAM   BANK0   BANK1
      Params:         0       0       0
      Locals:         0       0       0
      Temps:          0       0       0
      Totals:         0       0       0
Total ram usage:        0 bytes
 Hardware stack levels used:    1
 Hardware stack levels required when called:    1
 This function calls:
		_Leftwheel_Forward
		_Rightwheel_Stop
 This function is called by:
		_Chair_Position
 This function uses a non-reentrant model


 *************** function _Rightwheel_Stop *****************
 Defined at:
		line 59 in file "./Motors.h"
 Parameters:    Size  Location     Type
		None
 Auto vars:     Size  Location     Type
		None
 Return value:  Size  Location     Type
                  1    wreg      void 
 Registers used:
		None
 Tracked objects:
		On entry : 
		On exit  : 
		Unchanged: 
 Data sizes:     COMRAM   BANK0   BANK1
      Params:         0       0       0
      Locals:         0       0       0
      Temps:          0       0       0
      Totals:         0       0       0
Total ram usage:        0 bytes
 Hardware stack levels used:    1
 This function calls:
		Nothing
 This function is called by:
		_Move_left
		_Stop
 This function uses a non-reentrant model


 *************** function _Move_Right *****************
 Defined at:
		line 80 in file "./Motors.h"
 Parameters:    Size  Location     Type
		None
 Auto vars:     Size  Location     Type
		None
 Return value:  Size  Location     Type
                  1    wreg      void 
 Registers used:
		cstack
 Tracked objects:
		On entry : 
		On exit  : 
		Unchanged: 
 Data sizes:     COMRAM   BANK0   BANK1
      Params:         0       0       0
      Locals:         0       0       0
      Temps:          0       0       0
      Totals:         0       0       0
Total ram usage:        0 bytes
 Hardware stack levels used:    1
 Hardware stack levels required when called:    1
 This function calls:
		_Leftwheel_Stop
		_Rightwheel_Forward
 This function is called by:
		_Chair_Position
 This function uses a non-reentrant model


 *************** function _Leftwheel_Stop *****************
 Defined at:
		line 54 in file "./Motors.h"
 Parameters:    Size  Location     Type
		None
 Auto vars:     Size  Location     Type
		None
 Return value:  Size  Location     Type
                  1    wreg      void 
 Registers used:
		None
 Tracked objects:
		On entry : 
		On exit  : 
		Unchanged: 
 Data sizes:     COMRAM   BANK0   BANK1
      Params:         0       0       0
      Locals:         0       0       0
      Temps:          0       0       0
      Totals:         0       0       0
Total ram usage:        0 bytes
 Hardware stack levels used:    1
 This function calls:
		Nothing
 This function is called by:
		_Move_Right
		_Stop
 This function uses a non-reentrant model


 *************** function _Move_Forward *****************
 Defined at:
		line 64 in file "./Motors.h"
 Parameters:    Size  Location     Type
		None
 Auto vars:     Size  Location     Type
		None
 Return value:  Size  Location     Type
                  1    wreg      void 
 Registers used:
		cstack
 Tracked objects:
		On entry : 
		On exit  : 
		Unchanged: 
 Data sizes:     COMRAM   BANK0   BANK1
      Params:         0       0       0
      Locals:         0       0       0
      Temps:          0       0       0
      Totals:         0       0       0
Total ram usage:        0 bytes
 Hardware stack levels used:    1
 Hardware stack levels required when called:    1
 This function calls:
		_Leftwheel_Forward
		_Rightwheel_Forward
 This function is called by:
		_Chair_Position
 This function uses a non-reentrant model


 *************** function _Rightwheel_Forward *****************
 Defined at:
		line 35 in file "./Motors.h"
 Parameters:    Size  Location     Type
		None
 Auto vars:     Size  Location     Type
		None
 Return value:  Size  Location     Type
                  1    wreg      void 
 Registers used:
		None
 Tracked objects:
		On entry : 
		On exit  : 
		Unchanged: 
 Data sizes:     COMRAM   BANK0   BANK1
      Params:         0       0       0
      Locals:         0       0       0
      Temps:          0       0       0
      Totals:         0       0       0
Total ram usage:        0 bytes
 Hardware stack levels used:    1
 This function calls:
		Nothing
 This function is called by:
		_Move_Forward
		_Move_Right
 This function uses a non-reentrant model


 *************** function _Leftwheel_Forward *****************
 Defined at:
		line 29 in file "./Motors.h"
 Parameters:    Size  Location     Type
		None
 Auto vars:     Size  Location     Type
		None
 Return value:  Size  Location     Type
                  1    wreg      void 
 Registers used:
		None
 Tracked objects:
		On entry : 
		On exit  : 
		Unchanged: 
 Data sizes:     COMRAM   BANK0   BANK1
      Params:         0       0       0
      Locals:         0       0       0
      Temps:          0       0       0
      Totals:         0       0       0
Total ram usage:        0 bytes
 Hardware stack levels used:    1
 This function calls:
		Nothing
 This function is called by:
		_Move_Forward
		_Move_left
 This function uses a non-reentrant model


 *************** function _Move_Back *****************
 Defined at:
		line 70 in file "./Motors.h"
 Parameters:    Size  Location     Type
		None
 Auto vars:     Size  Location     Type
		None
 Return value:  Size  Location     Type
                  1    wreg      void 
 Registers used:
		cstack
 Tracked objects:
		On entry : 
		On exit  : 
		Unchanged: 
 Data sizes:     COMRAM   BANK0   BANK1
      Params:         0       0       0
      Locals:         0       0       0
      Temps:          0       0       0
      Totals:         0       0       0
Total ram usage:        0 bytes
 Hardware stack levels used:    1
 Hardware stack levels required when called:    1
 This function calls:
		_Leftwheel_Back
		_Rightwheel_Back
 This function is called by:
		_Chair_Position
 This function uses a non-reentrant model


 *************** function _Rightwheel_Back *****************
 Defined at:
		line 47 in file "./Motors.h"
 Parameters:    Size  Location     Type
		None
 Auto vars:     Size  Location     Type
		None
 Return value:  Size  Location     Type
                  1    wreg      void 
 Registers used:
		None
 Tracked objects:
		On entry : 
		On exit  : 
		Unchanged: 
 Data sizes:     COMRAM   BANK0   BANK1
      Params:         0       0       0
      Locals:         0       0       0
      Temps:          0       0       0
      Totals:         0       0       0
Total ram usage:        0 bytes
 Hardware stack levels used:    1
 This function calls:
		Nothing
 This function is called by:
		_Move_Back
 This function uses a non-reentrant model


 *************** function _Leftwheel_Back *****************
 Defined at:
		line 41 in file "./Motors.h"
 Parameters:    Size  Location     Type
		None
 Auto vars:     Size  Location     Type
		None
 Return value:  Size  Location     Type
                  1    wreg      void 
 Registers used:
		None
 Tracked objects:
		On entry : 
		On exit  : 
		Unchanged: 
 Data sizes:     COMRAM   BANK0   BANK1
      Params:         0       0       0
      Locals:         0       0       0
      Temps:          0       0       0
      Totals:         0       0       0
Total ram usage:        0 bytes
 Hardware stack levels used:    1
 This function calls:
		Nothing
 This function is called by:
		_Move_Back
 This function uses a non-reentrant model



MODULE INFORMATION

Module		Function		Class		Link	Load	Size
./Motors.h
		_Move_left     		CODE           	04CE	0000	11
		_Leftwheel_Forward		CODE           	04FE	0000	9
		_Leftwheel_Back		CODE           	050E	0000	9
		_Leftwheel_Stop		CODE           	051E	0000	5
		_Rightwheel_Forward		CODE           	04F6	0000	9
		_Rightwheel_Back		CODE           	0506	0000	9
		_Rightwheel_Stop		CODE           	051A	0000	5
		_Move_Back     		CODE           	04EC	0000	11
		_Move_Right    		CODE           	04D8	0000	11
		_Chair_Position		CODE           	0228	0000	229
		_Stop          		CODE           	04C4	0000	11
		_Move_Forward  		CODE           	04E2	0000	11
		_Motor_Initalize		CODE           	0516	0000	5

./Motors.h estimated size: 335

C:\Program Files (x86)\Microchip\xc8\v2.10\pic\sources\c99\common\strcmp.c
		_strcmp        		CODE           	03E8	0000	121

C:\Program Files (x86)\Microchip\xc8\v2.10\pic\sources\c99\common\strcmp.c estimated size: 121

mcc_generated_files/pin_manager.c
		_PIN_MANAGER_Initialize		CODE           	0460	0000	63

mcc_generated_files/pin_manager.c estimated size: 63

shared
		__initialization		CODE           	049E	0000	1

shared estimated size: 1

mcc_generated_files/mcc.c
		_OSCILLATOR_Initialize		CODE           	04AC	0000	15
		_SYSTEM_Initialize		CODE           	04BA	0000	11

mcc_generated_files/mcc.c estimated size: 26

main.c
		_main          		CODE           	030C	0000	221

main.c estimated size: 221

